[INFO] Scanning for projects...
[INFO] Artifact org.jenkins-ci.tools:maven-hpi-plugin:pom:3.1837.v072a_33082b_16 is present in the local repository, but cached from a remote repository ID that is unavailable in current build context, verifying that is downloadable from [incrementals (https://repo.jenkins-ci.org/incrementals/, default, releases), central (https://repo.maven.apache.org/maven2, default, releases)]
[INFO] Artifact org.jenkins-ci.tools:maven-hpi-plugin:pom:3.1837.v072a_33082b_16 is present in the local repository, but cached from a remote repository ID that is unavailable in current build context, verifying that is downloadable from [incrementals (https://repo.jenkins-ci.org/incrementals/, default, releases), central (https://repo.maven.apache.org/maven2, default, releases)]
[WARNING] The POM for org.jenkins-ci.tools:maven-hpi-plugin:jar:3.1837.v072a_33082b_16 is missing, no dependency information available
[INFO] Artifact org.jenkins-ci.tools:maven-hpi-plugin:jar:3.1837.v072a_33082b_16 is present in the local repository, but cached from a remote repository ID that is unavailable in current build context, verifying that is downloadable from [incrementals (https://repo.jenkins-ci.org/incrementals/, default, releases), central (https://repo.maven.apache.org/maven2, default, releases)]
[INFO] Artifact org.jenkins-ci.tools:maven-hpi-plugin:jar:3.1837.v072a_33082b_16 is present in the local repository, but cached from a remote repository ID that is unavailable in current build context, verifying that is downloadable from [incrementals (https://repo.jenkins-ci.org/incrementals/, default, releases), central (https://repo.maven.apache.org/maven2, default, releases)]
[WARNING] Failed to build parent project for org.allurereport.jenkins:allure-jenkins-plugin:hpi:3.1-SNAPSHOT
[INFO] 
[INFO] -----------< org.allurereport.jenkins:allure-jenkins-plugin >-----------
[INFO] Building Allure 3.1-SNAPSHOT
[INFO]   from pom.xml
[INFO] --------------------------------[ hpi ]---------------------------------
[INFO] 
[INFO] --- clean:3.5.0:clean (default-clean) @ allure-jenkins-plugin ---
[INFO] 
[INFO] --- hpi:3.1837.v072a_33082b_16:validate (default-validate) @ allure-jenkins-plugin ---
[INFO] Created marker file /tmp/plugin-builds/allure-jenkins-plugin/target/java-level/17
[INFO] 
[INFO] --- hpi:3.1837.v072a_33082b_16:validate-hpi (default-validate-hpi) @ allure-jenkins-plugin ---
[INFO] 
[INFO] --- enforcer:3.6.3:enforce (display-info) @ allure-jenkins-plugin ---
[INFO] Rule 0: org.apache.maven.enforcer.rules.version.RequireMavenVersion passed
[INFO] Rule 1: org.apache.maven.enforcer.rules.version.RequireJavaVersion passed
[INFO] Rule 2: org.apache.maven.enforcer.rules.version.RequireJavaVersion passed
[INFO] Rule 3: org.apache.maven.enforcer.rules.RequirePluginVersions passed
[INFO] Rule 4: org.codehaus.mojo.extraenforcer.dependencies.EnforceBytecodeVersion passed
[INFO] Rule 5: org.apache.maven.enforcer.rules.dependency.BannedDependencies passed
[INFO] Rule 6: org.apache.maven.enforcer.rules.dependency.BannedDependencies passed
[INFO] Rule 7: org.apache.maven.enforcer.rules.dependency.RequireUpperBoundDeps passed
[INFO] banObsoleteDependencyOverrides skipped
[INFO] Rule 8: io.jenkins.tools.maven.jenkins_enforcer_rules.BanObsoleteDependencyOverrides passed
[INFO] 
[INFO] --- enforcer:3.6.3:enforce (no-snapshots-in-release) @ allure-jenkins-plugin ---
[INFO] Rule 0: org.apache.maven.enforcer.rules.dependency.RequireReleaseDeps passed
[INFO] 
[INFO] --- checkstyle:3.2.1:check (validate) @ allure-jenkins-plugin ---
[INFO] Starting audit...
Audit done.
[INFO] You have 0 Checkstyle violations.
[INFO] 
[INFO] >>> pmd:3.20.0:check (validate) > :pmd @ allure-jenkins-plugin >>>
[INFO] 
[INFO] --- pmd:3.20.0:pmd (pmd) @ allure-jenkins-plugin ---
[WARNING] Unable to locate Source XRef to link to - DISABLED
[INFO] PMD version: 6.53.0
[INFO] Rendering content with org.apache.maven.skins:maven-default-skin:jar:1.3 skin.
[INFO] 
[INFO] <<< pmd:3.20.0:check (validate) < :pmd @ allure-jenkins-plugin <<<
[INFO] 
[INFO] 
[INFO] --- pmd:3.20.0:check (validate) @ allure-jenkins-plugin ---
[INFO] PMD version: 6.53.0
[INFO] PMD Failure: org.allurereport.jenkins.tools.AllureManagedInstaller$RunProcess:898 Rule:CloseResource Priority:3 Ensure that resources like this ExecutorService object are closed after use.
[INFO] ------------------------------------------------------------------------
[INFO] BUILD FAILURE
[INFO] ------------------------------------------------------------------------
[INFO] Total time:  43.532 s
[INFO] Finished at: 2026-09-08T05:00:16Z
[INFO] ------------------------------------------------------------------------
[ERROR] Failed to execute goal org.apache.maven.plugins:maven-pmd-plugin:3.20.0:check (validate) on project allure-jenkins-plugin: You have 1 PMD violation. For more details see: /tmp/plugin-builds/allure-jenkins-plugin/target/pmd.xml -> [Help 1]
[ERROR] 
[ERROR] To see the full stack trace of the errors, re-run Maven with the -e switch.
[ERROR] Re-run Maven using the -X switch to enable full debug logging.
[ERROR] 
[ERROR] For more information about the errors and possible solutions, please read the following articles:
[ERROR] [Help 1] http://cwiki.apache.org/confluence/display/MAVEN/MojoFailureException
