[INFO] Scanning for projects...
[INFO] Artifact org.jenkins-ci.tools:maven-hpi-plugin:pom:3.1838.va_13472137a_6a_ is present in the local repository, but cached from a remote repository ID that is unavailable in current build context, verifying that is downloadable from [central (https://repo.maven.apache.org/maven2, default, releases)]
[INFO] Artifact org.jenkins-ci.tools:maven-hpi-plugin:pom:3.1838.va_13472137a_6a_ is present in the local repository, but cached from a remote repository ID that is unavailable in current build context, verifying that is downloadable from [central (https://repo.maven.apache.org/maven2, default, releases)]
[WARNING] The POM for org.jenkins-ci.tools:maven-hpi-plugin:jar:3.1838.va_13472137a_6a_ is missing, no dependency information available
[INFO] Artifact org.jenkins-ci.tools:maven-hpi-plugin:jar:3.1838.va_13472137a_6a_ is present in the local repository, but cached from a remote repository ID that is unavailable in current build context, verifying that is downloadable from [central (https://repo.maven.apache.org/maven2, default, releases)]
[INFO] Artifact org.jenkins-ci.tools:maven-hpi-plugin:jar:3.1838.va_13472137a_6a_ is present in the local repository, but cached from a remote repository ID that is unavailable in current build context, verifying that is downloadable from [central (https://repo.maven.apache.org/maven2, default, releases)]
[WARNING] Failed to build parent project for org.jvnet.hudson.plugins:analysis-pom:pom:12.3357.v7597b_eb_9174c
[WARNING] Failed to build parent project for io.jenkins.plugins:jquery3-api:hpi:3.7.1-999999-SNAPSHOT
[INFO] 
[INFO] -------------------< io.jenkins.plugins:jquery3-api >-------------------
[INFO] Building JQuery3 API Plugin 3.7.1-999999-SNAPSHOT
[INFO]   from pom.xml
[INFO] --------------------------------[ hpi ]---------------------------------
[INFO] 
[INFO] --- clean:3.5.0:clean (default-clean) @ jquery3-api ---
[INFO] 
[INFO] --- hpi:3.1838.va_13472137a_6a_:validate (default-validate) @ jquery3-api ---
[INFO] Created marker file /tmp/plugin-builds/jquery3-api/target/java-level/21
[INFO] Setting maven.compiler.release to 21
[INFO] Setting maven.compiler.testRelease to 21
[WARNING] Skipping enforceBytecodeVersion; will run on next invocation.
[INFO] 
[INFO] --- hpi:3.1838.va_13472137a_6a_:validate-hpi (default-validate-hpi) @ jquery3-api ---
[INFO] 
[INFO] --- enforcer:3.6.3:enforce (display-info) @ jquery3-api ---
[INFO] Rule 0: org.apache.maven.enforcer.rules.dependency.RequireUpperBoundDeps passed
[INFO] Rule 1: org.apache.maven.enforcer.rules.version.RequireJavaVersion passed
[INFO] Rule 2: org.apache.maven.enforcer.rules.version.RequireMavenVersion passed
[INFO] Rule 3: org.apache.maven.enforcer.rules.RequirePluginVersions passed
[INFO] Rule 4: org.apache.maven.enforcer.rules.dependency.BannedDependencies passed
[INFO] Rule 5: org.apache.maven.enforcer.rules.dependency.BannedDependencies passed
[INFO] Rule 6: io.jenkins.tools.maven.jenkins_enforcer_rules.BanObsoleteDependencyOverrides passed
[INFO] 
[INFO] --- enforcer:3.6.3:enforce (no-snapshots-in-release) @ jquery3-api ---
[INFO] Rule 0: org.apache.maven.enforcer.rules.dependency.RequireReleaseDeps passed
[INFO] 
[INFO] --- frontend:2.0.2:install-node-and-npm (install node and npm) @ jquery3-api ---
[INFO] Installing node version v24.21.0
[INFO] Downloading https://repo.jenkins-ci.org/nodejs-dist/v24.21.0/node-v24.21.0-linux-x64.tar.gz to /home/runner/.m2/repository/com/github/eirslett/node/24.21.0/node-24.21.0-linux-x64.tar.gz
[INFO] No proxies configured
[INFO] No proxy was configured, downloading directly
[INFO] Unpacking /home/runner/.m2/repository/com/github/eirslett/node/24.21.0/node-24.21.0-linux-x64.tar.gz into /tmp/plugin-builds/jquery3-api/node/tmp
[INFO] Copying node binary from /tmp/plugin-builds/jquery3-api/node/tmp/node-v24.21.0-linux-x64/bin/node to /tmp/plugin-builds/jquery3-api/node/node
[INFO] Installed node locally.
[INFO] Installing npm version 11.19.1
[INFO] Downloading https://repo.jenkins-ci.org/npm-dist/npm-11.19.1.tgz to /home/runner/.m2/repository/com/github/eirslett/npm/11.19.1/npm-11.19.1.tar.gz
[INFO] No proxies configured
[INFO] No proxy was configured, downloading directly
[INFO] Unpacking /home/runner/.m2/repository/com/github/eirslett/npm/11.19.1/npm-11.19.1.tar.gz into /tmp/plugin-builds/jquery3-api/node/node_modules
[INFO] Installed npm locally.
[INFO] 
[INFO] --- frontend:2.0.2:npm (npm install) @ jquery3-api ---
[INFO] Running 'npm ci' in /tmp/plugin-builds/jquery3-api
[INFO] 
[INFO] added 226 packages, and audited 227 packages in 7s
[INFO] 
[INFO] 113 packages are looking for funding
[INFO]   run `npm fund` for details
[INFO] 
[INFO] 5 vulnerabilities (1 moderate, 4 high)
[INFO] 
[INFO] To address issues that do not require attention, run:
[INFO]   npm audit fix
[INFO] 
[INFO] To address all issues (including breaking changes), run:
[INFO]   npm audit fix --force
[INFO] 
[INFO] Run `npm audit` for details.
[INFO] 
[INFO] --- localizer:1.31:generate (default) @ jquery3-api ---
[INFO] 
[INFO] --- frontend:2.0.2:npm (npm mvnbuild) @ jquery3-api ---
[INFO] Running 'npm run mvnbuild' in /tmp/plugin-builds/jquery3-api
[INFO] 
[INFO] --- enforcer:3.6.3:enforce (check-junit-imports) @ jquery3-api ---
[INFO] Skipping Rule Enforcement.
[INFO] 
[INFO] --- enforcer:3.6.3:enforce (check-commons-lang-imports) @ jquery3-api ---
[INFO] Skipping Rule Enforcement.
[INFO] 
[INFO] --- enforcer:3.6.3:enforce (check-deprecated-stapler-imports) @ jquery3-api ---
[INFO] Skipping Rule Enforcement.
[INFO] 
[INFO] >>> javadoc:3.12.0:javadoc (default) > generate-sources @ jquery3-api >>>
[INFO] 
[INFO] --- hpi:3.1838.va_13472137a_6a_:validate (default-validate) @ jquery3-api ---
[INFO] 
[INFO] --- hpi:3.1838.va_13472137a_6a_:validate-hpi (default-validate-hpi) @ jquery3-api ---
[INFO] 
[INFO] --- enforcer:3.6.3:enforce (display-info) @ jquery3-api ---
[INFO] Rule 0: org.apache.maven.enforcer.rules.dependency.RequireUpperBoundDeps passed
[INFO] Rule 3: org.apache.maven.enforcer.rules.RequirePluginVersions passed
[INFO] Rule 4: org.apache.maven.enforcer.rules.dependency.BannedDependencies passed
[INFO] Rule 5: org.apache.maven.enforcer.rules.dependency.BannedDependencies passed
[INFO] Rule 6: io.jenkins.tools.maven.jenkins_enforcer_rules.BanObsoleteDependencyOverrides passed
[INFO] 
[INFO] --- enforcer:3.6.3:enforce (no-snapshots-in-release) @ jquery3-api ---
[INFO] Rule 0: org.apache.maven.enforcer.rules.dependency.RequireReleaseDeps passed
[INFO] 
[INFO] --- frontend:2.0.2:install-node-and-npm (install node and npm) @ jquery3-api ---
[INFO] Node v24.21.0 is already installed.
[INFO] NPM 11.19.1 is already installed.
[INFO] 
[INFO] --- frontend:2.0.2:npm (npm install) @ jquery3-api ---
[INFO] Running 'npm ci' in /tmp/plugin-builds/jquery3-api
[INFO] 
[INFO] added 226 packages, and audited 227 packages in 4s
[INFO] 
[INFO] 113 packages are looking for funding
[INFO]   run `npm fund` for details
[INFO] 
[INFO] 5 vulnerabilities (1 moderate, 4 high)
[INFO] 
[INFO] To address issues that do not require attention, run:
[INFO]   npm audit fix
[INFO] 
[INFO] To address all issues (including breaking changes), run:
[INFO]   npm audit fix --force
[INFO] 
[INFO] Run `npm audit` for details.
[INFO] 
[INFO] --- localizer:1.31:generate (default) @ jquery3-api ---
[INFO] 
[INFO] --- frontend:2.0.2:npm (npm mvnbuild) @ jquery3-api ---
[INFO] Running 'npm run mvnbuild' in /tmp/plugin-builds/jquery3-api
[INFO] 
[INFO] <<< javadoc:3.12.0:javadoc (default) < generate-sources @ jquery3-api <<<
[INFO] 
[INFO] 
[INFO] --- javadoc:3.12.0:javadoc (default) @ jquery3-api ---
[INFO] Skipping org.apache.maven.plugins:maven-javadoc-plugin:3.12.0:javadoc report goal
[INFO] 
[INFO] --- resources:3.5.0:resources (default-resources) @ jquery3-api ---
[INFO] Copying 3 resources from src/main/resources to target/classes
[INFO] 
[INFO] --- flatten:1.8.0:flatten (flatten) @ jquery3-api ---
[INFO] Generating flattened POM of project io.jenkins.plugins:jquery3-api:hpi:3.7.1-999999-SNAPSHOT...
[INFO] 
[INFO] --- resources:3.5.0:copy-resources (copy-js-resources) @ jquery3-api ---
[INFO] Copying 3 resources from node_modules/jquery/dist to target/jquery3-api/js
[INFO] 
[INFO] --- compiler:3.16.0:compile (default-compile) @ jquery3-api ---
[INFO] Nothing to compile - all classes are up to date.
[INFO] 
[INFO] --- access-modifier-checker:1.35:enforce (default-enforce) @ jquery3-api ---
[INFO] 
[INFO] --- bridge-method-injector:1.32:process (default) @ jquery3-api ---
[INFO] 
[INFO] --- hpi:3.1838.va_13472137a_6a_:insert-test (default-insert-test) @ jquery3-api ---
[INFO] 
[INFO] --- antrun:3.2.0:run (createTempDir) @ jquery3-api ---
[INFO] Executing tasks
[INFO]     [mkdir] Created dir: /tmp/plugin-builds/jquery3-api/target/tmp
[INFO] Executed tasks
[INFO] 
[INFO] --- resources:3.5.0:testResources (default-testResources) @ jquery3-api ---
[INFO] Not copying test resources
[INFO] 
[INFO] --- compiler:3.16.0:testCompile (default-testCompile) @ jquery3-api ---
[INFO] Not compiling test sources
[INFO] 
[INFO] --- hpi:3.1838.va_13472137a_6a_:test-hpl (default-test-hpl) @ jquery3-api ---
[INFO] Generating /tmp/plugin-builds/jquery3-api/target/test-classes/the.hpl
[INFO] 
[INFO] --- hpi:3.1838.va_13472137a_6a_:resolve-test-dependencies (default-resolve-test-dependencies) @ jquery3-api ---
[INFO] 
[INFO] --- hpi:3.1838.va_13472137a_6a_:test-runtime (default-test-runtime) @ jquery3-api ---
[INFO] Tests are skipped.
[INFO] 
[INFO] --- jacoco:0.8.15:prepare-agent (default) @ jquery3-api ---
[INFO] argLine set to -javaagent:/home/runner/.m2/repository/org/jacoco/org.jacoco.agent/0.8.15/org.jacoco.agent-0.8.15-runtime.jar=destfile=/tmp/plugin-builds/jquery3-api/target/jacoco.exec,includes=io/jenkins/plugins/**/* -Xms768M -Xmx768M -XX:+HeapDumpOnOutOfMemoryError -XX:+TieredCompilation -XX:TieredStopAtLevel=1 @{jenkins.addOpens} @{jenkins.insaneHook} @{jenkins.javaAgent}
[INFO] 
[INFO] --- surefire:3.6.0:test (default-test) @ jquery3-api ---
[INFO] Tests are skipped.
[INFO] 
[INFO] --- frontend:2.0.2:npm (npm mvntest) @ jquery3-api ---
[INFO] Running 'npm run mvntest' in /tmp/plugin-builds/jquery3-api
[INFO] 
[INFO] --- license:210.v568d0b_a_2b_e44:process (default) @ jquery3-api ---
[INFO] Generated /tmp/plugin-builds/jquery3-api/target/jquery3-api/WEB-INF/licenses.xml
[INFO] 
[INFO] --- hpi:3.1838.va_13472137a_6a_:hpi (default-hpi) @ jquery3-api ---
[INFO] Generating /tmp/plugin-builds/jquery3-api/target/jquery3-api/META-INF/MANIFEST.MF
[INFO] Checking for attached .jar artifact ...
[INFO] Generating jar /tmp/plugin-builds/jquery3-api/target/jquery3-api.jar
[INFO] Building jar: /tmp/plugin-builds/jquery3-api/target/jquery3-api.jar
[INFO] Exploding webapp...
[INFO] Copy webapp webResources to /tmp/plugin-builds/jquery3-api/target/jquery3-api
[INFO] Assembling webapp jquery3-api in /tmp/plugin-builds/jquery3-api/target/jquery3-api
[INFO] Generating hpi /tmp/plugin-builds/jquery3-api/target/jquery3-api.hpi
[INFO] Building jar: /tmp/plugin-builds/jquery3-api/target/jquery3-api.hpi
[INFO] 
[INFO] --- jar:3.5.1:test-jar (maybe-test-jar) @ jquery3-api ---
[INFO] Skipping packaging of the test-jar
[INFO] 
[INFO] --- jar:3.5.1:test-jar (default) @ jquery3-api ---
[INFO] Skipping packaging of the test-jar
[INFO] 
[INFO] --- failsafe:3.5.6:integration-test (default) @ jquery3-api ---
[INFO] Tests are skipped.
[INFO] 
[INFO] --- pmd:3.28.0:pmd (run-pmd-java) @ jquery3-api ---
[INFO] PMD version: 7.27.0-metrics
[WARNING] No files to analyze. Check input paths and exclude parameters, use --debug to see file collection traces.
[WARNING] Adding current platform /home/runner/.jdk-25/lib/jrt-fs.jar to auxClasspath, which could be the wrong java version. Please add the correct jrt-fs.jar explicitly to the auxClasspath.
[INFO] Rendering content with org.apache.maven.skins:maven-fluido-skin:jar:2.0.0-M9 skin
[INFO] 
[INFO] >>> pmd:3.28.0:check (run-pmd-java) > :pmd @ jquery3-api >>>
[INFO] 
[INFO] --- pmd:3.28.0:pmd (pmd) @ jquery3-api ---
[INFO] Skipping org.apache.maven.plugins:maven-pmd-plugin:3.28.0:pmd report goal
[INFO] 
[INFO] <<< pmd:3.28.0:check (run-pmd-java) < :pmd @ jquery3-api <<<
[INFO] 
[INFO] 
[INFO] --- pmd:3.28.0:check (run-pmd-java) @ jquery3-api ---
[INFO] 
[INFO] --- pmd:3.28.0:cpd (run-pmd-java) @ jquery3-api ---
[WARNING] No files to analyze. Check input paths and exclude parameters, use --debug to see file collection traces.
[INFO] Rendering content with org.apache.maven.skins:maven-fluido-skin:jar:2.0.0-M9 skin
[INFO] 
[INFO] --- pmd:3.28.0:pmd (run-pmd-tests) @ jquery3-api ---
[INFO] PMD version: 7.27.0-metrics
[WARNING] No files to analyze. Check input paths and exclude parameters, use --debug to see file collection traces.
[WARNING] Adding current platform /home/runner/.jdk-25/lib/jrt-fs.jar to auxClasspath, which could be the wrong java version. Please add the correct jrt-fs.jar explicitly to the auxClasspath.
[INFO] Rendering content with org.apache.maven.skins:maven-fluido-skin:jar:2.0.0-M9 skin
[INFO] 
[INFO] >>> pmd:3.28.0:check (run-pmd-tests) > :pmd @ jquery3-api >>>
[INFO] 
[INFO] --- pmd:3.28.0:pmd (pmd) @ jquery3-api ---
[INFO] Skipping org.apache.maven.plugins:maven-pmd-plugin:3.28.0:pmd report goal
[INFO] 
[INFO] <<< pmd:3.28.0:check (run-pmd-tests) < :pmd @ jquery3-api <<<
[INFO] 
[INFO] 
[INFO] --- pmd:3.28.0:check (run-pmd-tests) @ jquery3-api ---
[INFO] 
[INFO] --- pmd:3.28.0:cpd (run-pmd-tests) @ jquery3-api ---
[WARNING] No files to analyze. Check input paths and exclude parameters, use --debug to see file collection traces.
[INFO] Rendering content with org.apache.maven.skins:maven-fluido-skin:jar:2.0.0-M9 skin
[INFO] 
[INFO] --- pmd:3.28.0:pmd (run-pmd-javascript) @ jquery3-api ---
[INFO] PMD version: 7.27.0-metrics
[INFO] Rendering content with org.apache.maven.skins:maven-fluido-skin:jar:2.0.0-M9 skin
[INFO] 
[INFO] >>> pmd:3.28.0:check (run-pmd-javascript) > :pmd @ jquery3-api >>>
[INFO] 
[INFO] --- pmd:3.28.0:pmd (pmd) @ jquery3-api ---
[INFO] Skipping org.apache.maven.plugins:maven-pmd-plugin:3.28.0:pmd report goal
[INFO] 
[INFO] <<< pmd:3.28.0:check (run-pmd-javascript) < :pmd @ jquery3-api <<<
[INFO] 
[INFO] 
[INFO] --- pmd:3.28.0:check (run-pmd-javascript) @ jquery3-api ---
[INFO] 
[INFO] --- pmd:3.28.0:pmd (run-pmd-metrics) @ jquery3-api ---
[INFO] Skipping org.apache.maven.plugins:maven-pmd-plugin:3.28.0:pmd report goal
[INFO] 
[INFO] --- checkstyle:3.6.0:check (run-checkstyle-java) @ jquery3-api ---
[INFO] You have 0 Checkstyle violations.
[INFO] 
[INFO] --- checkstyle:3.6.0:check (run-checkstyle-tests) @ jquery3-api ---
[INFO] You have 0 Checkstyle violations.
[INFO] 
[INFO] >>> spotbugs:4.10.4.1:check (spotbugs) > :spotbugs @ jquery3-api >>>
[INFO] 
[INFO] --- spotbugs:4.10.4.1:spotbugs (spotbugs) @ jquery3-api ---
[WARNING] No files found to generate report on. Check if compile phase has been run.
[INFO] Skipping com.github.spotbugs:spotbugs-maven-plugin:4.10.4.1:spotbugs report goal
[INFO] 
[INFO] <<< spotbugs:4.10.4.1:check (spotbugs) < :spotbugs @ jquery3-api <<<
[INFO] 
[INFO] 
[INFO] --- spotbugs:4.10.4.1:check (spotbugs) @ jquery3-api ---
[INFO] 
[INFO] --- spotless:3.10.2:check (default) @ jquery3-api ---
[INFO] Spotless check skipped
[INFO] 
[INFO] --- failsafe:3.5.6:verify (default) @ jquery3-api ---
[INFO] Tests are skipped.
[INFO] 
[INFO] --- jacoco:0.8.15:report (report) @ jquery3-api ---
[INFO] Skipping JaCoCo execution due to missing execution data file.
[INFO] 
[INFO] --- revapi:0.15.1:check (run-revapi) @ jquery3-api ---
[WARNING] 1 problem was encountered while building the effective model for org.jboss:jboss-dmr:jar:1.2.0.Final during dependency collection step for plugin (use -X to see details)
[INFO] Comparing [io.jenkins.plugins:jquery3-api:hpi:3.7.1-3] against [io.jenkins.plugins:jquery3-api:hpi:3.7.1-999999-SNAPSHOT].
[INFO] API checks completed without failures.
[INFO] 
[INFO] --- install:3.1.4:install (default-install) @ jquery3-api ---
[INFO] Installing /tmp/plugin-builds/jquery3-api/target/jquery3-api-3.7.1-999999-SNAPSHOT.pom to /home/runner/.m2/repository/io/jenkins/plugins/jquery3-api/3.7.1-999999-SNAPSHOT/jquery3-api-3.7.1-999999-SNAPSHOT.pom
[INFO] Installing /tmp/plugin-builds/jquery3-api/target/jquery3-api.hpi to /home/runner/.m2/repository/io/jenkins/plugins/jquery3-api/3.7.1-999999-SNAPSHOT/jquery3-api-3.7.1-999999-SNAPSHOT.hpi
[INFO] Installing /tmp/plugin-builds/jquery3-api/target/jquery3-api.jar to /home/runner/.m2/repository/io/jenkins/plugins/jquery3-api/3.7.1-999999-SNAPSHOT/jquery3-api-3.7.1-999999-SNAPSHOT.jar
[INFO] ------------------------------------------------------------------------
[INFO] BUILD SUCCESS
[INFO] ------------------------------------------------------------------------
[INFO] Total time:  01:41 min
[INFO] Finished at: 2026-10-06T00:59:53Z
[INFO] ------------------------------------------------------------------------
