[INFO] Scanning for projects...
[INFO] Artifact org.jenkins-ci.tools:maven-hpi-plugin:pom:3.1837.v072a_33082b_16 is present in the local repository, but cached from a remote repository ID that is unavailable in current build context, verifying that is downloadable from [incrementals (https://repo.jenkins-ci.org/incrementals/, default, releases), central (https://repo.maven.apache.org/maven2, default, releases)]
[INFO] Artifact org.jenkins-ci.tools:maven-hpi-plugin:pom:3.1837.v072a_33082b_16 is present in the local repository, but cached from a remote repository ID that is unavailable in current build context, verifying that is downloadable from [incrementals (https://repo.jenkins-ci.org/incrementals/, default, releases), central (https://repo.maven.apache.org/maven2, default, releases)]
[WARNING] The POM for org.jenkins-ci.tools:maven-hpi-plugin:jar:3.1837.v072a_33082b_16 is missing, no dependency information available
[INFO] Artifact org.jenkins-ci.tools:maven-hpi-plugin:jar:3.1837.v072a_33082b_16 is present in the local repository, but cached from a remote repository ID that is unavailable in current build context, verifying that is downloadable from [incrementals (https://repo.jenkins-ci.org/incrementals/, default, releases), central (https://repo.maven.apache.org/maven2, default, releases)]
[INFO] Artifact org.jenkins-ci.tools:maven-hpi-plugin:jar:3.1837.v072a_33082b_16 is present in the local repository, but cached from a remote repository ID that is unavailable in current build context, verifying that is downloadable from [incrementals (https://repo.jenkins-ci.org/incrementals/, default, releases), central (https://repo.maven.apache.org/maven2, default, releases)]
[WARNING] Failed to build parent project for io.jenkins.plugins:oss-symbols-api:hpi:999999-SNAPSHOT
[INFO] 
[INFO] -----------------< io.jenkins.plugins:oss-symbols-api >-----------------
[INFO] Building Dev Tools Symbols API Plugin 999999-SNAPSHOT
[INFO]   from pom.xml
[INFO] --------------------------------[ hpi ]---------------------------------
[INFO] 
[INFO] --- clean:3.5.0:clean (default-clean) @ oss-symbols-api ---
[INFO] 
[INFO] --- hpi:3.1837.v072a_33082b_16:validate (default-validate) @ oss-symbols-api ---
[INFO] Created marker file /tmp/plugin-builds/oss-symbols-api/target/java-level/17
[INFO] 
[INFO] --- hpi:3.1837.v072a_33082b_16:validate-hpi (default-validate-hpi) @ oss-symbols-api ---
[INFO] 
[INFO] --- enforcer:3.6.3:enforce (display-info) @ oss-symbols-api ---
[INFO] Rule 0: org.apache.maven.enforcer.rules.version.RequireMavenVersion passed
[INFO] Rule 1: org.apache.maven.enforcer.rules.version.RequireJavaVersion passed
[INFO] Rule 2: org.apache.maven.enforcer.rules.version.RequireJavaVersion passed
[INFO] Rule 3: org.apache.maven.enforcer.rules.RequirePluginVersions passed
[INFO] Rule 4: org.codehaus.mojo.extraenforcer.dependencies.EnforceBytecodeVersion passed
[INFO] Rule 5: org.apache.maven.enforcer.rules.dependency.BannedDependencies passed
[INFO] Rule 6: org.apache.maven.enforcer.rules.dependency.BannedDependencies passed
[INFO] Rule 7: org.apache.maven.enforcer.rules.dependency.RequireUpperBoundDeps passed
[INFO] Rule 8: io.jenkins.tools.maven.jenkins_enforcer_rules.BanObsoleteDependencyOverrides passed
[INFO] 
[INFO] --- enforcer:3.6.3:enforce (no-snapshots-in-release) @ oss-symbols-api ---
[INFO] Rule 0: org.apache.maven.enforcer.rules.dependency.RequireReleaseDeps passed
[INFO] 
[INFO] --- localizer:1.31:generate (default) @ oss-symbols-api ---
[INFO] 
[INFO] --- enforcer:3.6.3:enforce (check-junit-imports) @ oss-symbols-api ---
[INFO] Rule 0: org.apache.maven.plugins.enforcer.RestrictImports passed
[INFO] 
[INFO] --- enforcer:3.6.3:enforce (check-commons-lang-imports) @ oss-symbols-api ---
[INFO] Rule 0: org.apache.maven.plugins.enforcer.RestrictImports passed
[INFO] 
[INFO] --- enforcer:3.6.3:enforce (check-deprecated-stapler-imports) @ oss-symbols-api ---
[INFO] Skipping Rule Enforcement.
[INFO] 
[INFO] --- resources:3.5.0:resources (default-resources) @ oss-symbols-api ---
[INFO] Copying 682 resources from src/main/resources to target/classes
[INFO] 
[INFO] --- flatten:1.8.0:flatten (flatten) @ oss-symbols-api ---
[INFO] Generating flattened POM of project io.jenkins.plugins:oss-symbols-api:hpi:999999-SNAPSHOT...
[INFO] 
[INFO] --- compiler:3.15.0:compile (default-compile) @ oss-symbols-api ---
[INFO] Recompiling the module because of changed source code.
[INFO] Compiling 1 source file with javac [debug parameters release 17] to target/classes
[INFO] 
[INFO] --- access-modifier-checker:1.35:enforce (default-enforce) @ oss-symbols-api ---
[INFO] 
[INFO] --- bridge-method-injector:1.32:process (default) @ oss-symbols-api ---
[INFO] 
[INFO] --- hpi:3.1837.v072a_33082b_16:insert-test (default-insert-test) @ oss-symbols-api ---
[INFO] 
[INFO] --- antrun:3.2.0:run (createTempDir) @ oss-symbols-api ---
[INFO] Executing tasks
[INFO]     [mkdir] Created dir: /tmp/plugin-builds/oss-symbols-api/target/tmp
[INFO] Executed tasks
[INFO] 
[INFO] --- resources:3.5.0:testResources (default-testResources) @ oss-symbols-api ---
[INFO] Not copying test resources
[INFO] 
[INFO] --- compiler:3.15.0:testCompile (default-testCompile) @ oss-symbols-api ---
[INFO] Not compiling test sources
[INFO] 
[INFO] --- hpi:3.1837.v072a_33082b_16:test-hpl (default-test-hpl) @ oss-symbols-api ---
[INFO] Generating /tmp/plugin-builds/oss-symbols-api/target/test-classes/the.hpl
[INFO] 
[INFO] --- hpi:3.1837.v072a_33082b_16:resolve-test-dependencies (default-resolve-test-dependencies) @ oss-symbols-api ---
[INFO] 
[INFO] --- hpi:3.1837.v072a_33082b_16:test-runtime (default-test-runtime) @ oss-symbols-api ---
[INFO] Tests are skipped.
[INFO] 
[INFO] --- surefire:3.5.6:test (default-test) @ oss-symbols-api ---
[INFO] Tests are skipped.
[INFO] 
[INFO] --- license:210.v568d0b_a_2b_e44:process (default) @ oss-symbols-api ---
[INFO] Generated /tmp/plugin-builds/oss-symbols-api/target/oss-symbols-api/WEB-INF/licenses.xml
[INFO] 
[INFO] --- hpi:3.1837.v072a_33082b_16:hpi (default-hpi) @ oss-symbols-api ---
[INFO] Generating /tmp/plugin-builds/oss-symbols-api/target/oss-symbols-api/META-INF/MANIFEST.MF
[INFO] Checking for attached .jar artifact ...
[INFO] Generating jar /tmp/plugin-builds/oss-symbols-api/target/oss-symbols-api.jar
[INFO] Building jar: /tmp/plugin-builds/oss-symbols-api/target/oss-symbols-api.jar
[INFO] Exploding webapp...
[INFO] Copy webapp webResources to /tmp/plugin-builds/oss-symbols-api/target/oss-symbols-api
[INFO] Assembling webapp oss-symbols-api in /tmp/plugin-builds/oss-symbols-api/target/oss-symbols-api
[INFO] Generating hpi /tmp/plugin-builds/oss-symbols-api/target/oss-symbols-api.hpi
[INFO] Building jar: /tmp/plugin-builds/oss-symbols-api/target/oss-symbols-api.hpi
[INFO] 
[INFO] --- jar:3.5.1:test-jar (maybe-test-jar) @ oss-symbols-api ---
[INFO] Skipping packaging of the test-jar
[INFO] 
[INFO] >>> spotbugs:4.10.3.0:check (spotbugs) > :spotbugs @ oss-symbols-api >>>
[INFO] 
[INFO] --- spotbugs:4.10.3.0:spotbugs (spotbugs) @ oss-symbols-api ---
[INFO] Done SpotBugs Analysis....
[INFO] Skipping com.github.spotbugs:spotbugs-maven-plugin:4.10.3.0:spotbugs report goal
[INFO] 
[INFO] <<< spotbugs:4.10.3.0:check (spotbugs) < :spotbugs @ oss-symbols-api <<<
[INFO] 
[INFO] 
[INFO] --- spotbugs:4.10.3.0:check (spotbugs) @ oss-symbols-api ---
[INFO] BugInstance size is 2
[INFO] Error size is 0
[INFO] Total bugs: 2
[ERROR] Medium: Possible null pointer dereference in io.jenkins.plugins.oss.symbols.OpenSourceSymbols.lambda$collectIcons$0(Path) due to return value of called method [io.jenkins.plugins.oss.symbols.OpenSourceSymbols, io.jenkins.plugins.oss.symbols.OpenSourceSymbols] Dereferenced at OpenSourceSymbols.java:[line 54]Known null at OpenSourceSymbols.java:[line 54] NP_NULL_ON_SOME_PATH_FROM_RETURN_VALUE
[ERROR] Medium: Possible null pointer dereference in io.jenkins.plugins.oss.symbols.OpenSourceSymbols.lambda$collectIcons$1(Path) due to return value of called method [io.jenkins.plugins.oss.symbols.OpenSourceSymbols, io.jenkins.plugins.oss.symbols.OpenSourceSymbols] Dereferenced at OpenSourceSymbols.java:[line 56]Known null at OpenSourceSymbols.java:[line 56] NP_NULL_ON_SOME_PATH_FROM_RETURN_VALUE
[INFO] 


To see bug detail using the Spotbugs GUI, use the following command "mvn spotbugs:gui"



[INFO] ------------------------------------------------------------------------
[INFO] BUILD FAILURE
[INFO] ------------------------------------------------------------------------
[INFO] Total time:  38.744 s
[INFO] Finished at: 2026-08-11T02:59:34Z
[INFO] ------------------------------------------------------------------------
[ERROR] Failed to execute goal com.github.spotbugs:spotbugs-maven-plugin:4.10.3.0:check (spotbugs) on project oss-symbols-api: failed with 2 bugs and 0 errors -> [Help 1]
[ERROR] 
[ERROR] To see the full stack trace of the errors, re-run Maven with the -e switch.
[ERROR] Re-run Maven using the -X switch to enable full debug logging.
[ERROR] 
[ERROR] For more information about the errors and possible solutions, please read the following articles:
[ERROR] [Help 1] http://cwiki.apache.org/confluence/display/MAVEN/MojoExecutionException
