[INFO] Scanning for projects...
[INFO] Artifact org.jenkins-ci.tools:maven-hpi-plugin:pom:3.1838.va_13472137a_6a_ is present in the local repository, but cached from a remote repository ID that is unavailable in current build context, verifying that is downloadable from [incrementals (https://repo.jenkins-ci.org/incrementals/, default, releases), central (https://repo.maven.apache.org/maven2, default, releases)]
[INFO] Artifact org.jenkins-ci.tools:maven-hpi-plugin:pom:3.1838.va_13472137a_6a_ is present in the local repository, but cached from a remote repository ID that is unavailable in current build context, verifying that is downloadable from [incrementals (https://repo.jenkins-ci.org/incrementals/, default, releases), central (https://repo.maven.apache.org/maven2, default, releases)]
[WARNING] The POM for org.jenkins-ci.tools:maven-hpi-plugin:jar:3.1838.va_13472137a_6a_ is missing, no dependency information available
[INFO] Artifact org.jenkins-ci.tools:maven-hpi-plugin:jar:3.1838.va_13472137a_6a_ is present in the local repository, but cached from a remote repository ID that is unavailable in current build context, verifying that is downloadable from [incrementals (https://repo.jenkins-ci.org/incrementals/, default, releases), central (https://repo.maven.apache.org/maven2, default, releases)]
[INFO] Artifact org.jenkins-ci.tools:maven-hpi-plugin:jar:3.1838.va_13472137a_6a_ is present in the local repository, but cached from a remote repository ID that is unavailable in current build context, verifying that is downloadable from [incrementals (https://repo.jenkins-ci.org/incrementals/, default, releases), central (https://repo.maven.apache.org/maven2, default, releases)]
[WARNING] Failed to build parent project for org.jenkins-ci.plugins:role-strategy:hpi:999999-SNAPSHOT
[INFO] 
[INFO] ----------------< org.jenkins-ci.plugins:role-strategy >----------------
[INFO] Building Role-based Authorization Strategy 999999-SNAPSHOT
[INFO]   from pom.xml
[INFO] --------------------------------[ hpi ]---------------------------------
[INFO] 
[INFO] --- clean:3.5.0:clean (default-clean) @ role-strategy ---
[INFO] 
[INFO] --- hpi:3.1838.va_13472137a_6a_:validate (default-validate) @ role-strategy ---
[INFO] Created marker file /tmp/plugin-builds/role-strategy/target/java-level/21
[INFO] Setting maven.compiler.release to 21
[INFO] Setting maven.compiler.testRelease to 21
[WARNING] Skipping enforceBytecodeVersion; will run on next invocation.
[INFO] 
[INFO] --- hpi:3.1838.va_13472137a_6a_:validate-hpi (default-validate-hpi) @ role-strategy ---
[INFO] 
[INFO] --- enforcer:3.6.3:enforce (display-info) @ role-strategy ---
[INFO] Rule 0: org.apache.maven.enforcer.rules.version.RequireMavenVersion passed
[INFO] Rule 1: org.apache.maven.enforcer.rules.version.RequireJavaVersion passed
[INFO] Rule 2: org.apache.maven.enforcer.rules.version.RequireJavaVersion passed
[INFO] Rule 3: org.apache.maven.enforcer.rules.RequirePluginVersions passed
[INFO] Rule 4: org.apache.maven.enforcer.rules.dependency.BannedDependencies passed
[INFO] Rule 5: org.apache.maven.enforcer.rules.dependency.BannedDependencies passed
[INFO] Rule 6: org.apache.maven.enforcer.rules.dependency.RequireUpperBoundDeps passed
[INFO] banObsoleteDependencyOverrides skipped
[INFO] Rule 7: io.jenkins.tools.maven.jenkins_enforcer_rules.BanObsoleteDependencyOverrides passed
[INFO] 
[INFO] --- enforcer:3.6.3:enforce (no-snapshots-in-release) @ role-strategy ---
[INFO] Rule 0: org.apache.maven.enforcer.rules.dependency.RequireReleaseDeps passed
[INFO] 
[INFO] --- tidy:1.4.1:check (validate) @ role-strategy ---
[INFO] 
[INFO] --- frontend:2.0.2:install-node-and-npm (install node and npm) @ role-strategy ---
[INFO] Installing node version v24.15.0
[INFO] Downloading https://repo.jenkins-ci.org/nodejs-dist/v24.15.0/node-v24.15.0-linux-x64.tar.gz to /home/runner/.m2/repository/com/github/eirslett/node/24.15.0/node-24.15.0-linux-x64.tar.gz
[INFO] No proxies configured
[INFO] No proxy was configured, downloading directly
[INFO] Unpacking /home/runner/.m2/repository/com/github/eirslett/node/24.15.0/node-24.15.0-linux-x64.tar.gz into /tmp/plugin-builds/role-strategy/node/tmp
[INFO] Copying node binary from /tmp/plugin-builds/role-strategy/node/tmp/node-v24.15.0-linux-x64/bin/node to /tmp/plugin-builds/role-strategy/node/node
[INFO] Installed node locally.
[INFO] Installing npm version 11.14.0
[INFO] Downloading https://repo.jenkins-ci.org/npm-dist/npm-11.14.0.tgz to /home/runner/.m2/repository/com/github/eirslett/npm/11.14.0/npm-11.14.0.tar.gz
[INFO] No proxies configured
[INFO] No proxy was configured, downloading directly
[INFO] Unpacking /home/runner/.m2/repository/com/github/eirslett/npm/11.14.0/npm-11.14.0.tar.gz into /tmp/plugin-builds/role-strategy/node/node_modules
[INFO] Installed npm locally.
[INFO] 
[INFO] --- frontend:2.0.2:npm (npm install) @ role-strategy ---
[INFO] Running 'npm ci' in /tmp/plugin-builds/role-strategy
[INFO] 
[INFO] added 121 packages, and audited 122 packages in 12s
[INFO] 
[INFO] 28 packages are looking for funding
[INFO]   run `npm fund` for details
[INFO] 
[INFO] 1 high severity vulnerability
[INFO] 
[INFO] To address all issues, run:
[INFO]   npm audit fix
[INFO] 
[INFO] Run `npm audit` for details.
[INFO] 
[INFO] --- localizer:1.31:generate (default) @ role-strategy ---
[INFO] 
[INFO] --- frontend:2.0.2:npm (npm mvnbuild) @ role-strategy ---
[INFO] Running 'npm run mvnbuild' in /tmp/plugin-builds/role-strategy
[INFO] 
[INFO] > role-strategy-plugin@1.0.0 mvnbuild
[INFO] > npm run build
[INFO] 
[INFO] 
[INFO] > role-strategy-plugin@1.0.0 build
[INFO] > vite build --mode production
[INFO] 
[INFO] vite v8.3.0 building client environment for production...
[INFO] transforming...
[INFO] ✓ 110 modules transformed.
[INFO] rendering chunks...
[INFO] computing gzip size...
[INFO] src/main/webapp/js/bundles/assets/validation-B8T9o7rW.js        1.63 kB │ gzip:  0.87 kB │ map:     5.73 kB
[INFO] src/main/webapp/js/bundles/assets/PermissionList-C21C7mIQ.js    2.96 kB │ gzip:  1.09 kB │ map:    11.11 kB
[INFO] src/main/webapp/js/bundles/permission-templates-bundle.js       6.05 kB │ gzip:  2.27 kB │ map:    20.29 kB
[INFO] src/main/webapp/js/bundles/manage-roles-bundle.js              11.16 kB │ gzip:  3.92 kB │ map:    38.33 kB
[INFO] src/main/webapp/js/bundles/assign-roles-bundle.js              17.69 kB │ gzip:  6.20 kB │ map:    63.67 kB
[INFO] src/main/webapp/js/bundles/assets/Dialog-BslPFCk6.js          281.69 kB │ gzip: 88.42 kB │ map: 1,241.33 kB
[INFO] 
[INFO] ✓ built in 493ms
[INFO] 
[INFO] --- enforcer:3.6.3:enforce (check-junit-imports) @ role-strategy ---
[INFO] Rule 0: org.apache.maven.plugins.enforcer.RestrictImports passed
[INFO] 
[INFO] --- enforcer:3.6.3:enforce (check-commons-lang-imports) @ role-strategy ---
[INFO] Skipping Rule Enforcement.
[INFO] 
[INFO] --- enforcer:3.6.3:enforce (check-deprecated-stapler-imports) @ role-strategy ---
[INFO] Skipping Rule Enforcement.
[INFO] 
[INFO] --- resources:3.5.0:resources (default-resources) @ role-strategy ---
[INFO] Copying 31 resources from src/main/resources to target/classes
[INFO] 
[INFO] --- flatten:1.8.0:flatten (flatten) @ role-strategy ---
[INFO] Generating flattened POM of project org.jenkins-ci.plugins:role-strategy:hpi:999999-SNAPSHOT...
[INFO] 
[INFO] --- compiler:3.16.0:compile (default-compile) @ role-strategy ---
[INFO] Recompiling the module because of changed source code.
[INFO] Compiling 33 source files with javac [debug parameters release 21] to target/classes
[WARNING] unknown enum constant javax.annotation.meta.When.MAYBE
  reason: class file for javax.annotation.meta.When not found
[WARNING] unknown enum constant javax.annotation.meta.When.ALWAYS
[WARNING] unknown enum constant javax.annotation.meta.When.UNKNOWN
[INFO] com.michelin.cio.hudson.plugins.rolestrategy.RoleBasedAuthorizationStrategy.DESCRIPTOR indexed under hudson.Extension
[INFO] com.michelin.cio.hudson.plugins.rolestrategy.RoleStrategyConfig indexed under hudson.Extension
[INFO] com.michelin.cio.hudson.plugins.rolestrategy.RoleStrategyRootAction indexed under hudson.Extension
[INFO] com.synopsys.arc.jenkins.plugins.rolestrategy.macros.BuildableJobMacro indexed under hudson.Extension
[INFO] com.synopsys.arc.jenkins.plugins.rolestrategy.macros.ContainedInViewMacro indexed under hudson.Extension
[INFO] com.synopsys.arc.jenkins.plugins.rolestrategy.macros.FolderMacro indexed under hudson.Extension
[INFO] org.jenkinsci.plugins.rolestrategy.AmbiguousSidsAdminMonitor indexed under hudson.Extension
[INFO] org.jenkinsci.plugins.rolestrategy.NamingStrategyAdministrativeMonitor indexed under hudson.Extension
[INFO] org.jenkinsci.plugins.rolestrategy.RoleBasedProjectNamingStrategy.DescriptorImpl indexed under hudson.Extension
[INFO] org.jenkinsci.plugins.rolestrategy.casc.RoleBasedAuthorizationStrategyConfigurator indexed under hudson.Extension
[INFO] org.jenkinsci.plugins.rolestrategy.pipeline.UserGlobalRoles.DescriptorImpl indexed under hudson.Extension
[INFO] org.jenkinsci.plugins.rolestrategy.pipeline.UserItemRoles.DescriptorImpl indexed under hudson.Extension
[INFO] /tmp/plugin-builds/role-strategy/src/main/java/com/michelin/cio/hudson/plugins/rolestrategy/PermissionEntry.java:[42,10] Generating com/michelin/cio/hudson/plugins/rolestrategy/PermissionEntry.stapler
[INFO] /tmp/plugin-builds/role-strategy/src/main/java/com/michelin/cio/hudson/plugins/rolestrategy/PermissionTemplate.java:[38,10] Generating com/michelin/cio/hudson/plugins/rolestrategy/PermissionTemplate.stapler
[INFO] /tmp/plugin-builds/role-strategy/src/main/java/com/michelin/cio/hudson/plugins/rolestrategy/Role.java:[108,10] Generating com/michelin/cio/hudson/plugins/rolestrategy/Role.stapler
[INFO] /tmp/plugin-builds/role-strategy/src/main/java/com/michelin/cio/hudson/plugins/rolestrategy/RoleMap.java:[127,10] Generating com/michelin/cio/hudson/plugins/rolestrategy/RoleMap.stapler
[INFO] /tmp/plugin-builds/role-strategy/src/main/java/org/jenkinsci/plugins/rolestrategy/RoleBasedProjectNamingStrategy.java:[49,10] Generating org/jenkinsci/plugins/rolestrategy/RoleBasedProjectNamingStrategy.stapler
[INFO] /tmp/plugin-builds/role-strategy/src/main/java/org/jenkinsci/plugins/rolestrategy/casc/GrantedRoles.java:[42,10] Generating org/jenkinsci/plugins/rolestrategy/casc/GrantedRoles.stapler
[INFO] /tmp/plugin-builds/role-strategy/src/main/java/org/jenkinsci/plugins/rolestrategy/casc/PermissionTemplateDefinition.java:[27,10] Generating org/jenkinsci/plugins/rolestrategy/casc/PermissionTemplateDefinition.stapler
[INFO] /tmp/plugin-builds/role-strategy/src/main/java/org/jenkinsci/plugins/rolestrategy/casc/RoleDefinition.java:[179,12] Generating org/jenkinsci/plugins/rolestrategy/casc/RoleDefinition/RoleDefinitionEntry.stapler
[INFO] /tmp/plugin-builds/role-strategy/src/main/java/org/jenkinsci/plugins/rolestrategy/casc/RoleDefinition.java:[58,10] Generating org/jenkinsci/plugins/rolestrategy/casc/RoleDefinition.stapler
[INFO] /tmp/plugin-builds/role-strategy/src/main/java/org/jenkinsci/plugins/rolestrategy/pipeline/UserGlobalRoles.java:[20,10] Generating org/jenkinsci/plugins/rolestrategy/pipeline/UserGlobalRoles.stapler
[INFO] /tmp/plugin-builds/role-strategy/src/main/java/org/jenkinsci/plugins/rolestrategy/pipeline/UserItemRoles.java:[30,10] Generating org/jenkinsci/plugins/rolestrategy/pipeline/UserItemRoles.stapler
[INFO] /tmp/plugin-builds/role-strategy/src/main/java/com/michelin/cio/hudson/plugins/rolestrategy/RoleBasedAuthorizationStrategy.java:[1167,15] Generating com/michelin/cio/hudson/plugins/rolestrategy/RoleBasedAuthorizationStrategy/doGetSidsInfo.stapler
[INFO] /tmp/plugin-builds/role-strategy/src/main/java/com/michelin/cio/hudson/plugins/rolestrategy/RoleBasedAuthorizationStrategy.java:[1835,27] Generating com/michelin/cio/hudson/plugins/rolestrategy/RoleBasedAuthorizationStrategy/DescriptorImpl/doCheckPattern.stapler
[INFO] /tmp/plugin-builds/role-strategy/src/main/java/com/michelin/cio/hudson/plugins/rolestrategy/RoleBasedAuthorizationStrategy.java:[704,15] Generating com/michelin/cio/hudson/plugins/rolestrategy/RoleBasedAuthorizationStrategy/doAssignRole.stapler
[INFO] /tmp/plugin-builds/role-strategy/src/main/java/com/michelin/cio/hudson/plugins/rolestrategy/RoleBasedAuthorizationStrategy.java:[808,15] Generating com/michelin/cio/hudson/plugins/rolestrategy/RoleBasedAuthorizationStrategy/doDeleteUser.stapler
[INFO] /tmp/plugin-builds/role-strategy/src/main/java/com/michelin/cio/hudson/plugins/rolestrategy/RoleBasedAuthorizationStrategy.java:[885,15] Generating com/michelin/cio/hudson/plugins/rolestrategy/RoleBasedAuthorizationStrategy/doUnassignUserRole.stapler
[INFO] /tmp/plugin-builds/role-strategy/src/main/java/com/michelin/cio/hudson/plugins/rolestrategy/RoleBasedAuthorizationStrategy.java:[1004,15] Generating com/michelin/cio/hudson/plugins/rolestrategy/RoleBasedAuthorizationStrategy/doGetRole.stapler
[INFO] /tmp/plugin-builds/role-strategy/src/main/java/com/michelin/cio/hudson/plugins/rolestrategy/RoleBasedAuthorizationStrategy.java:[857,15] Generating com/michelin/cio/hudson/plugins/rolestrategy/RoleBasedAuthorizationStrategy/doUnassignRole.stapler
[INFO] /tmp/plugin-builds/role-strategy/src/main/java/com/michelin/cio/hudson/plugins/rolestrategy/RoleBasedAuthorizationStrategy.java:[913,15] Generating com/michelin/cio/hudson/plugins/rolestrategy/RoleBasedAuthorizationStrategy/doUnassignGroupRole.stapler
[INFO] /tmp/plugin-builds/role-strategy/src/main/java/com/michelin/cio/hudson/plugins/rolestrategy/RoleBasedAuthorizationStrategy.java:[1105,15] Generating com/michelin/cio/hudson/plugins/rolestrategy/RoleBasedAuthorizationStrategy/doGetRoleAssignments.stapler
[INFO] /tmp/plugin-builds/role-strategy/src/main/java/com/michelin/cio/hudson/plugins/rolestrategy/RoleBasedAuthorizationStrategy.java:[787,15] Generating com/michelin/cio/hudson/plugins/rolestrategy/RoleBasedAuthorizationStrategy/doDeleteSid.stapler
[INFO] /tmp/plugin-builds/role-strategy/src/main/java/com/michelin/cio/hudson/plugins/rolestrategy/RoleBasedAuthorizationStrategy.java:[1306,15] Generating com/michelin/cio/hudson/plugins/rolestrategy/RoleBasedAuthorizationStrategy/doGetMatchingAgents.stapler
[INFO] /tmp/plugin-builds/role-strategy/src/main/java/com/michelin/cio/hudson/plugins/rolestrategy/RoleBasedAuthorizationStrategy.java:[760,15] Generating com/michelin/cio/hudson/plugins/rolestrategy/RoleBasedAuthorizationStrategy/doAssignGroupRole.stapler
[INFO] /tmp/plugin-builds/role-strategy/src/main/java/com/michelin/cio/hudson/plugins/rolestrategy/RoleBasedAuthorizationStrategy.java:[1056,15] Generating com/michelin/cio/hudson/plugins/rolestrategy/RoleBasedAuthorizationStrategy/doGetAllRoles.stapler
[INFO] /tmp/plugin-builds/role-strategy/src/main/java/com/michelin/cio/hudson/plugins/rolestrategy/RoleBasedAuthorizationStrategy.java:[829,15] Generating com/michelin/cio/hudson/plugins/rolestrategy/RoleBasedAuthorizationStrategy/doDeleteGroup.stapler
[INFO] /tmp/plugin-builds/role-strategy/src/main/java/com/michelin/cio/hudson/plugins/rolestrategy/RoleBasedAuthorizationStrategy.java:[1857,27] Generating com/michelin/cio/hudson/plugins/rolestrategy/RoleBasedAuthorizationStrategy/DescriptorImpl/doCheckSidName.stapler
[INFO] /tmp/plugin-builds/role-strategy/src/main/java/com/michelin/cio/hudson/plugins/rolestrategy/RoleBasedAuthorizationStrategy.java:[591,15] Generating com/michelin/cio/hudson/plugins/rolestrategy/RoleBasedAuthorizationStrategy/doAddRole.stapler
[INFO] /tmp/plugin-builds/role-strategy/src/main/java/com/michelin/cio/hudson/plugins/rolestrategy/RoleBasedAuthorizationStrategy.java:[1275,15] Generating com/michelin/cio/hudson/plugins/rolestrategy/RoleBasedAuthorizationStrategy/doGetMatchingJobs.stapler
[INFO] /tmp/plugin-builds/role-strategy/src/main/java/com/michelin/cio/hudson/plugins/rolestrategy/RoleBasedAuthorizationStrategy.java:[517,15] Generating com/michelin/cio/hudson/plugins/rolestrategy/RoleBasedAuthorizationStrategy/doAddTemplate.stapler
[INFO] /tmp/plugin-builds/role-strategy/src/main/java/com/michelin/cio/hudson/plugins/rolestrategy/RoleBasedAuthorizationStrategy.java:[950,15] Generating com/michelin/cio/hudson/plugins/rolestrategy/RoleBasedAuthorizationStrategy/doGetTemplate.stapler
[INFO] /tmp/plugin-builds/role-strategy/src/main/java/com/michelin/cio/hudson/plugins/rolestrategy/RoleBasedAuthorizationStrategy.java:[732,15] Generating com/michelin/cio/hudson/plugins/rolestrategy/RoleBasedAuthorizationStrategy/doAssignUserRole.stapler
[INFO] /tmp/plugin-builds/role-strategy/src/main/java/com/michelin/cio/hudson/plugins/rolestrategy/RoleBasedAuthorizationStrategy.java:[669,15] Generating com/michelin/cio/hudson/plugins/rolestrategy/RoleBasedAuthorizationStrategy/doRemoveRoles.stapler
[INFO] /tmp/plugin-builds/role-strategy/src/main/java/com/michelin/cio/hudson/plugins/rolestrategy/RoleBasedAuthorizationStrategy.java:[546,15] Generating com/michelin/cio/hudson/plugins/rolestrategy/RoleBasedAuthorizationStrategy/doRemoveTemplates.stapler
[INFO] /tmp/plugin-builds/role-strategy/src/main/java/com/michelin/cio/hudson/plugins/rolestrategy/RoleBasedAuthorizationStrategy.java:[1572,27] Generating com/michelin/cio/hudson/plugins/rolestrategy/RoleBasedAuthorizationStrategy/DescriptorImpl/doCheckForWhitespace.stapler
[WARNING] unknown enum constant javax.annotation.meta.When.MAYBE
  reason: class file for javax.annotation.meta.When not found
[WARNING] unknown enum constant javax.annotation.meta.When.ALWAYS
[WARNING] unknown enum constant javax.annotation.meta.When.UNKNOWN
[WARNING] unknown enum constant javax.annotation.meta.When.MAYBE
  reason: class file for javax.annotation.meta.When not found
[WARNING] unknown enum constant javax.annotation.meta.When.ALWAYS
[WARNING] unknown enum constant javax.annotation.meta.When.UNKNOWN
[INFO] /tmp/plugin-builds/role-strategy/src/main/java/com/michelin/cio/hudson/plugins/rolestrategy/RoleBasedAuthorizationStrategy.java: Some input files use or override a deprecated API.
[INFO] /tmp/plugin-builds/role-strategy/src/main/java/com/michelin/cio/hudson/plugins/rolestrategy/RoleBasedAuthorizationStrategy.java: Recompile with -Xlint:deprecation for details.
[INFO] /tmp/plugin-builds/role-strategy/src/main/java/com/michelin/cio/hudson/plugins/rolestrategy/RoleBasedAuthorizationStrategy.java: /tmp/plugin-builds/role-strategy/src/main/java/com/michelin/cio/hudson/plugins/rolestrategy/RoleBasedAuthorizationStrategy.java uses unchecked or unsafe operations.
[INFO] /tmp/plugin-builds/role-strategy/src/main/java/com/michelin/cio/hudson/plugins/rolestrategy/RoleBasedAuthorizationStrategy.java: Recompile with -Xlint:unchecked for details.
[INFO] 
[INFO] --- checkstyle:3.6.0:checkstyle (compile-checkstyle) @ role-strategy ---
[INFO] Rendering content with org.apache.maven.skins:maven-fluido-skin:jar:2.0.0-M9 skin
[INFO] Starting audit...
Audit done.
[WARNING] Unable to locate Source XRef to link to -- DISABLED
[WARNING] Unable to locate Test Source XRef to link to -- DISABLED
[INFO] 
[INFO] --- access-modifier-checker:1.35:enforce (default-enforce) @ role-strategy ---
[INFO] 
[INFO] --- bridge-method-injector:1.32:process (default) @ role-strategy ---
[INFO] 
[INFO] --- hpi:3.1838.va_13472137a_6a_:insert-test (default-insert-test) @ role-strategy ---
[INFO] 
[INFO] --- antrun:3.2.0:run (createTempDir) @ role-strategy ---
[INFO] Executing tasks
[INFO]     [mkdir] Created dir: /tmp/plugin-builds/role-strategy/target/tmp
[INFO] Executed tasks
[INFO] 
[INFO] --- resources:3.5.0:testResources (default-testResources) @ role-strategy ---
[INFO] Not copying test resources
[INFO] 
[INFO] --- compiler:3.16.0:testCompile (default-testCompile) @ role-strategy ---
[INFO] Not compiling test sources
[INFO] 
[INFO] --- hpi:3.1838.va_13472137a_6a_:test-hpl (default-test-hpl) @ role-strategy ---
[INFO] Generating /tmp/plugin-builds/role-strategy/target/test-classes/the.hpl
[INFO] 
[INFO] --- hpi:3.1838.va_13472137a_6a_:resolve-test-dependencies (default-resolve-test-dependencies) @ role-strategy ---
[INFO] 
[INFO] --- hpi:3.1838.va_13472137a_6a_:test-runtime (default-test-runtime) @ role-strategy ---
[INFO] Tests are skipped.
[INFO] 
[INFO] --- surefire:3.6.0:test (default-test) @ role-strategy ---
[INFO] Tests are skipped.
[INFO] 
[INFO] --- frontend:2.0.2:npm (npm mvntest) @ role-strategy ---
[INFO] Running 'npm run mvntest' in /tmp/plugin-builds/role-strategy
[INFO] 
[INFO] > role-strategy-plugin@1.0.0 mvntest
[INFO] > npm run format:check && npm run tsc:check && npm run biome:mvn && npm run vitest:mvn
[INFO] 
[INFO] 
[INFO] > role-strategy-plugin@1.0.0 format:check
[INFO] > biome format .
[INFO] 
[INFO] Checked 57 files in 91ms. No fixes applied.
[INFO] 
[INFO] > role-strategy-plugin@1.0.0 tsc:check
[INFO] > tsc
[INFO] 
[INFO] 
[INFO] > role-strategy-plugin@1.0.0 biome:mvn
[INFO] > biome lint .
[INFO] 
[INFO] Checked 56 files in 194ms. No fixes applied.
[INFO] Found 1 info.
[ERROR] biome.json:2:14 deserialize ━━━━━━━━━━━━━━━━━━━━━━━━━━━━━━━━━━━━━━━━━━━━━━━━━━━━━━━━━━━━━━━━━━━━━━━━
[ERROR] 
[ERROR]   i The configuration schema version does not match the CLI version 2.5.14
[ERROR]   
[ERROR]     1 │ {
[ERROR]   > 2 │   "$schema": "https://biomejs.dev/schemas/2.5.4/schema.json",
[ERROR]       │              ^^^^^^^^^^^^^^^^^^^^^^^^^^^^^^^^^^^^^^^^^^^^^^^
[ERROR]     3 │   "vcs": {
[ERROR]     4 │     "enabled": true,
[ERROR]   
[ERROR]   i   Expected:                     2.5.14
[ERROR]       Found:                        2.5.4
[ERROR]   
[ERROR]   
[ERROR]   i Run the command biome migrate to migrate the configuration file.
[ERROR]   
[ERROR] 
[INFO] 
[INFO] > role-strategy-plugin@1.0.0 vitest:mvn
[INFO] > vitest run --reporter default --reporter junit --outputFile "$PWD/target/surefire-reports/vitest-junit.xml" || ([ -n "$CI" ] && [ -f target/surefire-reports/vitest-junit.xml ])
[INFO] 
[INFO] 
[INFO]  RUN  v4.1.11 /tmp/plugin-builds/role-strategy/src/main/frontend
[INFO] 
[ERROR] stderr | assign-roles/AssignRolesPage.spec.tsx > AssignRolesPage > renders entries per tab and switches between them
[ERROR] Accessing element.ref was removed in React 19. ref is now a regular prop. It will be removed from the JSX Element type in a future release.
[ERROR] 
[ERROR] stderr | manage-roles/ManageRolesPage.spec.tsx > ManageRolesPage > renders a tab per visible role type and switches between them
[ERROR] Accessing element.ref was removed in React 19. ref is now a regular prop. It will be removed from the JSX Element type in a future release.
[ERROR] 
[ERROR] stderr | manage-roles/ManageRolesPage.spec.tsx > ManageRolesPage > renders a tab per visible role type and switches between them
[ERROR] Accessing element.ref was removed in React 19. ref is now a regular prop. It will be removed from the JSX Element type in a future release.
[ERROR] 
[ERROR] stderr | assign-roles/AssignRolesPage.spec.tsx > AssignRolesPage > always shows the built-in anonymous and authenticated entries
[ERROR] An update to AssignRolesPage inside a test was not wrapped in act(...).
[ERROR] 
[ERROR] When testing, code that causes React state updates should be wrapped into act(...):
[ERROR] 
[ERROR] act(() => {
[ERROR]   /* fire events that update state */
[ERROR] });
[ERROR] /* assert on the output */
[ERROR] 
[ERROR] This ensures that you're testing the behavior the user would see in the browser. Learn more at https://react.dev/link/wrap-tests-with-act
[ERROR] 
[INFO]  ✓ manage-roles/RoleDialog.spec.tsx (8 tests) 2763ms
[INFO]      ✓ disables submit until the name is filled  1057ms
[INFO]      ✓ keeps submit enabled while a pattern check is still in flight  360ms
[INFO]      ✓ shows the server message on blur for an invalid pattern and clears it on edit  424ms
[INFO]      ✓ binding a template shows its permissions read-only and submits the template  370ms
[INFO]  ✓ manage-roles/ManageRolesPage.spec.tsx (12 tests) 3906ms
[INFO]      ✓ renders a tab per visible role type and switches between them  1084ms
[INFO]      ✓ adds a role through the dialog and shows it in the list  560ms
[INFO]      ✓ resets search when switching tabs  351ms
[INFO]      ✓ opens the matching dialog from the pattern chip with the keyboard  880ms
[INFO]  ✓ common/utils/impliedPermissions.spec.ts (4 tests) 14ms
[INFO]  ✓ common/utils/permissionSummary.spec.ts (4 tests) 11ms
[ERROR] stderr | assign-roles/AssignRolesPage.spec.tsx > AssignRolesPage > renders read-only when the type is not editable
[ERROR] An update to AssignRolesPage inside a test was not wrapped in act(...).
[ERROR] 
[ERROR] When testing, code that causes React state updates should be wrapped into act(...):
[ERROR] 
[ERROR] act(() => {
[ERROR]   /* fire events that update state */
[ERROR] });
[ERROR] /* assert on the output */
[ERROR] 
[ERROR] This ensures that you're testing the behavior the user would see in the browser. Learn more at https://react.dev/link/wrap-tests-with-act
[ERROR] 
[INFO]  ✓ assign-roles/AssignRolesPage.spec.tsx (28 tests) 17784ms
[INFO]      ✓ renders entries per tab and switches between them  1246ms
[INFO]      ✓ shows a role's permissions in a tooltip next to its chip and in the role picker  464ms
[INFO]      ✓ assigns and unassigns roles through the edit dialog  692ms
[INFO]      ✓ dispatches group edits to the group endpoint  606ms
[INFO]      ✓ shows the error in the dialog and resyncs when saving fails  448ms
[INFO]      ✓ requires at least one role to add an entry  588ms
[INFO]      ✓ allows saving an empty role selection when editing a built-in entry  541ms
[INFO]      ✓ shows the server-rendered name lookup snippet after leaving the field  522ms
[INFO]      ✓ re-runs the name lookup when the type changes  405ms
[INFO]      ✓ adds a user with roles selected in the dialog  657ms
[INFO]      ✓ adds a group by switching the type in the dialog  672ms
[INFO]      ✓ filters ambiguous entries from the filter dropdown  323ms
[INFO]      ✓ does not confuse a role named like the ambiguous filter with the ambiguous filter itself  371ms
[INFO]        ✓ pages long lists and navigates between pages  2701ms
[INFO]        ✓ resets to the first page when searching  2239ms
[INFO]        ✓ does not widen sid resolution beyond the current page when searching  647ms
[INFO]        ✓ resolves sids one page at a time  1517ms
[INFO]        ✓ jumps to the page containing a newly added entry  1489ms
[INFO] 
[INFO]  Test Files  5 passed (5)
[INFO]       Tests  56 passed (56)
[INFO]    Start at  01:20:04
[INFO]    Duration  22.21s (transform 2.07s, setup 1.78s, import 3.43s, tests 24.48s, environment 12.36s)
[INFO] 
[INFO] JUNIT report written to /tmp/plugin-builds/role-strategy/target/surefire-reports/vitest-junit.xml
[INFO] 
[INFO] --- checkstyle:3.6.0:check (test-check) @ role-strategy ---
[INFO] Starting audit...
Audit done.
[INFO] You have 0 Checkstyle violations.
[INFO] 
[INFO] --- license:210.v568d0b_a_2b_e44:process (default) @ role-strategy ---
[INFO] Generated /tmp/plugin-builds/role-strategy/target/role-strategy/WEB-INF/licenses.xml
[INFO] 
[INFO] --- hpi:3.1838.va_13472137a_6a_:hpi (default-hpi) @ role-strategy ---
[INFO] Generating /tmp/plugin-builds/role-strategy/target/role-strategy/META-INF/MANIFEST.MF
[INFO] Checking for attached .jar artifact ...
[INFO] Generating jar /tmp/plugin-builds/role-strategy/target/role-strategy.jar
[INFO] Building jar: /tmp/plugin-builds/role-strategy/target/role-strategy.jar
[INFO] Exploding webapp...
[INFO] Copy webapp webResources to /tmp/plugin-builds/role-strategy/target/role-strategy
[INFO] Assembling webapp role-strategy in /tmp/plugin-builds/role-strategy/target/role-strategy
[INFO] Generating hpi /tmp/plugin-builds/role-strategy/target/role-strategy.hpi
[INFO] Building jar: /tmp/plugin-builds/role-strategy/target/role-strategy.hpi
[INFO] 
[INFO] --- jar:3.5.1:test-jar (maybe-test-jar) @ role-strategy ---
[INFO] Skipping packaging of the test-jar
[INFO] 
[INFO] >>> spotbugs:4.10.4.1:check (spotbugs) > :spotbugs @ role-strategy >>>
[INFO] 
[INFO] --- spotbugs:4.10.4.1:spotbugs (spotbugs) @ role-strategy ---
[INFO] Done SpotBugs Analysis....
[INFO] Skipping com.github.spotbugs:spotbugs-maven-plugin:4.10.4.1:spotbugs report goal
[INFO] 
[INFO] <<< spotbugs:4.10.4.1:check (spotbugs) < :spotbugs @ role-strategy <<<
[INFO] 
[INFO] 
[INFO] --- spotbugs:4.10.4.1:check (spotbugs) @ role-strategy ---
[INFO] BugInstance size is 0
[INFO] Error size is 0
[INFO] No errors/warnings found
[INFO] 
[INFO] --- spotless:3.10.2:check (default) @ role-strategy ---
[INFO] Spotless check skipped
[INFO] 
[INFO] --- install:3.1.4:install (default-install) @ role-strategy ---
[INFO] Installing /tmp/plugin-builds/role-strategy/target/role-strategy-999999-SNAPSHOT.pom to /home/runner/.m2/repository/org/jenkins-ci/plugins/role-strategy/999999-SNAPSHOT/role-strategy-999999-SNAPSHOT.pom
[INFO] Installing /tmp/plugin-builds/role-strategy/target/role-strategy.hpi to /home/runner/.m2/repository/org/jenkins-ci/plugins/role-strategy/999999-SNAPSHOT/role-strategy-999999-SNAPSHOT.hpi
[INFO] Installing /tmp/plugin-builds/role-strategy/target/role-strategy.jar to /home/runner/.m2/repository/org/jenkins-ci/plugins/role-strategy/999999-SNAPSHOT/role-strategy-999999-SNAPSHOT.jar
[INFO] ------------------------------------------------------------------------
[INFO] BUILD SUCCESS
[INFO] ------------------------------------------------------------------------
[INFO] Total time:  02:13 min
[INFO] Finished at: 2026-10-06T01:21:00Z
[INFO] ------------------------------------------------------------------------
