[INFO] Scanning for projects...
[INFO] Artifact org.jenkins-ci.tools:maven-hpi-plugin:pom:3.1838.va_13472137a_6a_ is present in the local repository, but cached from a remote repository ID that is unavailable in current build context, verifying that is downloadable from [incrementals (https://repo.jenkins-ci.org/incrementals/, default, releases), central (https://repo.maven.apache.org/maven2, default, releases)]
[INFO] Artifact org.jenkins-ci.tools:maven-hpi-plugin:pom:3.1838.va_13472137a_6a_ is present in the local repository, but cached from a remote repository ID that is unavailable in current build context, verifying that is downloadable from [incrementals (https://repo.jenkins-ci.org/incrementals/, default, releases), central (https://repo.maven.apache.org/maven2, default, releases)]
[WARNING] The POM for org.jenkins-ci.tools:maven-hpi-plugin:jar:3.1838.va_13472137a_6a_ is missing, no dependency information available
[INFO] Artifact org.jenkins-ci.tools:maven-hpi-plugin:jar:3.1838.va_13472137a_6a_ is present in the local repository, but cached from a remote repository ID that is unavailable in current build context, verifying that is downloadable from [incrementals (https://repo.jenkins-ci.org/incrementals/, default, releases), central (https://repo.maven.apache.org/maven2, default, releases)]
[INFO] Artifact org.jenkins-ci.tools:maven-hpi-plugin:jar:3.1838.va_13472137a_6a_ is present in the local repository, but cached from a remote repository ID that is unavailable in current build context, verifying that is downloadable from [incrementals (https://repo.jenkins-ci.org/incrementals/, default, releases), central (https://repo.maven.apache.org/maven2, default, releases)]
[WARNING] Failed to build parent project for org.jenkins-ci.plugins:ssh-credentials:hpi:999999-SNAPSHOT
[INFO] 
[INFO] ---------------< org.jenkins-ci.plugins:ssh-credentials >---------------
[INFO] Building SSH Credentials Plugin 999999-SNAPSHOT
[INFO]   from pom.xml
[INFO] --------------------------------[ hpi ]---------------------------------
[INFO] 
[INFO] --- clean:3.5.0:clean (default-clean) @ ssh-credentials ---
[INFO] 
[INFO] --- hpi:3.1838.va_13472137a_6a_:validate (default-validate) @ ssh-credentials ---
[INFO] Created marker file /tmp/plugin-builds/ssh-credentials/target/java-level/17
[INFO] 
[INFO] --- hpi:3.1838.va_13472137a_6a_:validate-hpi (default-validate-hpi) @ ssh-credentials ---
[INFO] 
[INFO] --- enforcer:3.6.3:enforce (display-info) @ ssh-credentials ---
[INFO] Rule 0: org.apache.maven.enforcer.rules.version.RequireMavenVersion passed
[INFO] Rule 1: org.apache.maven.enforcer.rules.version.RequireJavaVersion passed
[INFO] Rule 2: org.apache.maven.enforcer.rules.version.RequireJavaVersion passed
[INFO] Rule 3: org.apache.maven.enforcer.rules.RequirePluginVersions passed
[INFO] Rule 4: org.codehaus.mojo.extraenforcer.dependencies.EnforceBytecodeVersion passed
[INFO] Rule 5: org.apache.maven.enforcer.rules.dependency.BannedDependencies passed
[INFO] Rule 6: org.apache.maven.enforcer.rules.dependency.BannedDependencies passed
[INFO] Rule 7: org.apache.maven.enforcer.rules.dependency.RequireUpperBoundDeps passed
[INFO] banObsoleteDependencyOverrides skipped
[INFO] Rule 8: io.jenkins.tools.maven.jenkins_enforcer_rules.BanObsoleteDependencyOverrides passed
[INFO] 
[INFO] --- enforcer:3.6.3:enforce (no-snapshots-in-release) @ ssh-credentials ---
[INFO] Rule 0: org.apache.maven.enforcer.rules.dependency.RequireReleaseDeps passed
[INFO] 
[INFO] --- localizer:1.31:generate (default) @ ssh-credentials ---
[INFO] 
[INFO] --- enforcer:3.6.3:enforce (check-junit-imports) @ ssh-credentials ---
[INFO] Skipping Rule Enforcement.
[INFO] 
[INFO] --- enforcer:3.6.3:enforce (check-commons-lang-imports) @ ssh-credentials ---
[INFO] Skipping Rule Enforcement.
[INFO] 
[INFO] --- enforcer:3.6.3:enforce (check-deprecated-stapler-imports) @ ssh-credentials ---
[INFO] Skipping Rule Enforcement.
[INFO] 
[INFO] --- resources:3.5.0:resources (default-resources) @ ssh-credentials ---
[INFO] Copying 13 resources from src/main/resources to target/classes
[INFO] 
[INFO] --- flatten:1.8.0:flatten (flatten) @ ssh-credentials ---
[INFO] Generating flattened POM of project org.jenkins-ci.plugins:ssh-credentials:hpi:999999-SNAPSHOT...
[INFO] 
[INFO] --- compiler:3.16.0:compile (default-compile) @ ssh-credentials ---
[INFO] Recompiling the module because of changed source code.
[INFO] Compiling 15 source files with javac [debug parameters release 17] to target/classes
[INFO] com.cloudbees.jenkins.plugins.sshcredentials.impl.TrileadSSHPasswordAuthenticator.Factory indexed under org.jenkinsci.plugins.variant.OptionalExtension
[INFO] com.cloudbees.jenkins.plugins.sshcredentials.impl.TrileadSSHPublicKeyAuthenticator.Factory indexed under org.jenkinsci.plugins.variant.OptionalExtension
[INFO] com.cloudbees.jenkins.plugins.sshcredentials.impl.BasicSSHUserPrivateKey.DescriptorImpl indexed under hudson.Extension
[INFO] com.cloudbees.jenkins.plugins.sshcredentials.impl.BasicSSHUserPrivateKey.DirectEntryPrivateKeySource.DescriptorImpl indexed under hudson.Extension
[INFO] com.cloudbees.jenkins.plugins.sshcredentials.impl.SSHUserPrivateKeySnapshotTaker indexed under hudson.Extension
[INFO] /tmp/plugin-builds/ssh-credentials/src/main/java/com/cloudbees/jenkins/plugins/sshcredentials/impl/BasicSSHUserPrivateKey.java:[310,16] Generating com/cloudbees/jenkins/plugins/sshcredentials/impl/BasicSSHUserPrivateKey/DirectEntryPrivateKeySource.stapler
[INFO] /tmp/plugin-builds/ssh-credentials/src/main/java/com/cloudbees/jenkins/plugins/sshcredentials/impl/BasicSSHUserPrivateKey.java:[106,12] Generating com/cloudbees/jenkins/plugins/sshcredentials/impl/BasicSSHUserPrivateKey.stapler
[INFO] /tmp/plugin-builds/ssh-credentials/src/main/java/com/cloudbees/jenkins/plugins/sshcredentials/impl/BasicSSHUserPrivateKey.java:[364,35] Generating com/cloudbees/jenkins/plugins/sshcredentials/impl/BasicSSHUserPrivateKey/DirectEntryPrivateKeySource/DescriptorImpl/doCheckPrivateKey.stapler
[WARNING] /tmp/plugin-builds/ssh-credentials/src/main/java/com/cloudbees/jenkins/plugins/sshcredentials/SSHAuthenticator.java:[277,63] deprecated item is not annotated with @Deprecated
[WARNING] /tmp/plugin-builds/ssh-credentials/src/main/java/com/cloudbees/jenkins/plugins/sshcredentials/SSHAuthenticator.java:[427,26] deprecated item is not annotated with @Deprecated
[WARNING] /tmp/plugin-builds/ssh-credentials/src/main/java/com/cloudbees/jenkins/plugins/sshcredentials/SSHUserListBoxModel.java:[19,8] deprecated item is not annotated with @Deprecated
[INFO] /tmp/plugin-builds/ssh-credentials/src/main/java/com/cloudbees/jenkins/plugins/sshcredentials/SSHUserPrivateKey.java: Some input files use or override a deprecated API.
[INFO] /tmp/plugin-builds/ssh-credentials/src/main/java/com/cloudbees/jenkins/plugins/sshcredentials/SSHUserPrivateKey.java: Recompile with -Xlint:deprecation for details.
[INFO] 
[INFO] --- access-modifier-checker:1.35:enforce (default-enforce) @ ssh-credentials ---
[INFO] 
[INFO] --- bridge-method-injector:1.32:process (default) @ ssh-credentials ---
[INFO] 
[INFO] --- hpi:3.1838.va_13472137a_6a_:insert-test (default-insert-test) @ ssh-credentials ---
[INFO] 
[INFO] --- antrun:3.2.0:run (createTempDir) @ ssh-credentials ---
[INFO] Executing tasks
[INFO]     [mkdir] Created dir: /tmp/plugin-builds/ssh-credentials/target/tmp
[INFO] Executed tasks
[INFO] 
[INFO] --- resources:3.5.0:testResources (default-testResources) @ ssh-credentials ---
[INFO] Not copying test resources
[INFO] 
[INFO] --- compiler:3.16.0:testCompile (default-testCompile) @ ssh-credentials ---
[INFO] Not compiling test sources
[INFO] 
[INFO] --- hpi:3.1838.va_13472137a_6a_:test-hpl (default-test-hpl) @ ssh-credentials ---
[INFO] Generating /tmp/plugin-builds/ssh-credentials/target/test-classes/the.hpl
[INFO] 
[INFO] --- hpi:3.1838.va_13472137a_6a_:resolve-test-dependencies (default-resolve-test-dependencies) @ ssh-credentials ---
[INFO] 
[INFO] --- hpi:3.1838.va_13472137a_6a_:test-runtime (default-test-runtime) @ ssh-credentials ---
[INFO] Tests are skipped.
[INFO] 
[INFO] --- surefire:3.6.0:test (default-test) @ ssh-credentials ---
[INFO] Tests are skipped.
[INFO] 
[INFO] --- license:210.v568d0b_a_2b_e44:process (default) @ ssh-credentials ---
[INFO] Generated /tmp/plugin-builds/ssh-credentials/target/ssh-credentials/WEB-INF/licenses.xml
[INFO] 
[INFO] --- hpi:3.1838.va_13472137a_6a_:hpi (default-hpi) @ ssh-credentials ---
[INFO] Generating /tmp/plugin-builds/ssh-credentials/target/ssh-credentials/META-INF/MANIFEST.MF
[INFO] Checking for attached .jar artifact ...
[INFO] Generating jar /tmp/plugin-builds/ssh-credentials/target/ssh-credentials.jar
[INFO] Building jar: /tmp/plugin-builds/ssh-credentials/target/ssh-credentials.jar
[INFO] Exploding webapp...
[INFO] Copy webapp webResources to /tmp/plugin-builds/ssh-credentials/target/ssh-credentials
[INFO] Assembling webapp ssh-credentials in /tmp/plugin-builds/ssh-credentials/target/ssh-credentials
[INFO] Generating hpi /tmp/plugin-builds/ssh-credentials/target/ssh-credentials.hpi
[INFO] Building jar: /tmp/plugin-builds/ssh-credentials/target/ssh-credentials.hpi
[INFO] 
[INFO] --- jar:3.5.1:test-jar (maybe-test-jar) @ ssh-credentials ---
[INFO] Skipping packaging of the test-jar
[INFO] 
[INFO] >>> spotbugs:4.10.4.1:check (spotbugs) > :spotbugs @ ssh-credentials >>>
[INFO] 
[INFO] --- spotbugs:4.10.4.1:spotbugs (spotbugs) @ ssh-credentials ---
[INFO] Done SpotBugs Analysis....
[INFO] Skipping com.github.spotbugs:spotbugs-maven-plugin:4.10.4.1:spotbugs report goal
[INFO] 
[INFO] <<< spotbugs:4.10.4.1:check (spotbugs) < :spotbugs @ ssh-credentials <<<
[INFO] 
[INFO] 
[INFO] --- spotbugs:4.10.4.1:check (spotbugs) @ ssh-credentials ---
[INFO] BugInstance size is 0
[INFO] Error size is 0
[INFO] No errors/warnings found
[INFO] 
[INFO] --- spotless:3.10.2:check (default) @ ssh-credentials ---
[INFO] Spotless check skipped
[INFO] 
[INFO] --- install:3.1.4:install (default-install) @ ssh-credentials ---
[INFO] Installing /tmp/plugin-builds/ssh-credentials/target/ssh-credentials-999999-SNAPSHOT.pom to /home/runner/.m2/repository/org/jenkins-ci/plugins/ssh-credentials/999999-SNAPSHOT/ssh-credentials-999999-SNAPSHOT.pom
[INFO] Installing /tmp/plugin-builds/ssh-credentials/target/ssh-credentials.hpi to /home/runner/.m2/repository/org/jenkins-ci/plugins/ssh-credentials/999999-SNAPSHOT/ssh-credentials-999999-SNAPSHOT.hpi
[INFO] Installing /tmp/plugin-builds/ssh-credentials/target/ssh-credentials.jar to /home/runner/.m2/repository/org/jenkins-ci/plugins/ssh-credentials/999999-SNAPSHOT/ssh-credentials-999999-SNAPSHOT.jar
[INFO] ------------------------------------------------------------------------
[INFO] BUILD SUCCESS
[INFO] ------------------------------------------------------------------------
[INFO] Total time:  52.513 s
[INFO] Finished at: 2026-10-06T00:47:12Z
[INFO] ------------------------------------------------------------------------
