[INFO] Scanning for projects...
[INFO] Artifact org.jenkins-ci.tools:maven-hpi-plugin:pom:3.1814.v77d15159f9b_d is present in the local repository, but cached from a remote repository ID that is unavailable in current build context, verifying that is downloadable from [incrementals (https://repo.jenkins-ci.org/incrementals/, default, releases), central (https://repo.maven.apache.org/maven2, default, releases)]
[INFO] Artifact org.jenkins-ci.tools:maven-hpi-plugin:pom:3.1814.v77d15159f9b_d is present in the local repository, but cached from a remote repository ID that is unavailable in current build context, verifying that is downloadable from [incrementals (https://repo.jenkins-ci.org/incrementals/, default, releases), central (https://repo.maven.apache.org/maven2, default, releases)]
[WARNING] The POM for org.jenkins-ci.tools:maven-hpi-plugin:jar:3.1814.v77d15159f9b_d is missing, no dependency information available
[INFO] Artifact org.jenkins-ci.tools:maven-hpi-plugin:jar:3.1814.v77d15159f9b_d is present in the local repository, but cached from a remote repository ID that is unavailable in current build context, verifying that is downloadable from [incrementals (https://repo.jenkins-ci.org/incrementals/, default, releases), central (https://repo.maven.apache.org/maven2, default, releases)]
[INFO] Artifact org.jenkins-ci.tools:maven-hpi-plugin:jar:3.1814.v77d15159f9b_d is present in the local repository, but cached from a remote repository ID that is unavailable in current build context, verifying that is downloadable from [incrementals (https://repo.jenkins-ci.org/incrementals/, default, releases), central (https://repo.maven.apache.org/maven2, default, releases)]
[WARNING] Failed to build parent project for org.jenkins-ci.plugins:ssh:hpi:999999-SNAPSHOT
[INFO] 
[INFO] ---------------------< org.jenkins-ci.plugins:ssh >---------------------
[INFO] Building Jenkins SSH plugin 999999-SNAPSHOT
[INFO]   from pom.xml
[INFO] --------------------------------[ hpi ]---------------------------------
[INFO] 
[INFO] --- clean:3.5.0:clean (default-clean) @ ssh ---
[INFO] 
[INFO] --- hpi:3.1814.v77d15159f9b_d:validate (default-validate) @ ssh ---
[INFO] Created marker file /tmp/plugin-builds/ssh/target/java-level/17
[INFO] 
[INFO] --- hpi:3.1814.v77d15159f9b_d:validate-hpi (default-validate-hpi) @ ssh ---
[INFO] 
[INFO] --- enforcer:3.6.3:enforce (display-info) @ ssh ---
[INFO] Rule 0: org.apache.maven.enforcer.rules.version.RequireMavenVersion passed
[INFO] Rule 1: org.apache.maven.enforcer.rules.version.RequireJavaVersion passed
[INFO] Rule 2: org.apache.maven.enforcer.rules.version.RequireJavaVersion passed
[INFO] Rule 3: org.apache.maven.enforcer.rules.RequirePluginVersions passed
[INFO] Rule 4: org.codehaus.mojo.extraenforcer.dependencies.EnforceBytecodeVersion passed
[INFO] Rule 5: org.apache.maven.enforcer.rules.dependency.BannedDependencies passed
[INFO] Rule 6: org.apache.maven.enforcer.rules.dependency.BannedDependencies passed
[INFO] Ignoring requireUpperBoundDeps in com.google.code.findbugs:jsr305
[INFO] Rule 7: org.apache.maven.enforcer.rules.dependency.RequireUpperBoundDeps passed
[INFO] banObsoleteDependencyOverrides skipped
[INFO] Rule 8: io.jenkins.tools.maven.jenkins_enforcer_rules.BanObsoleteDependencyOverrides passed
[INFO] 
[INFO] --- enforcer:3.6.3:enforce (no-snapshots-in-release) @ ssh ---
[INFO] Rule 0: org.apache.maven.enforcer.rules.dependency.RequireReleaseDeps passed
[INFO] 
[INFO] --- localizer:1.31:generate (default) @ ssh ---
[INFO] 
[INFO] --- enforcer:3.6.3:enforce (check-junit-imports) @ ssh ---
[INFO] Skipping Rule Enforcement.
[INFO] 
[INFO] --- enforcer:3.6.3:enforce (check-commons-lang-imports) @ ssh ---
[INFO] Rule 0: org.apache.maven.plugins.enforcer.RestrictImports passed
[INFO] 
[INFO] --- enforcer:3.6.3:enforce (check-deprecated-stapler-imports) @ ssh ---
[INFO] Skipping Rule Enforcement.
[INFO] 
[INFO] --- resources:3.5.0:resources (default-resources) @ ssh ---
[INFO] Copying 11 resources from src/main/resources to target/classes
[INFO] 
[INFO] --- flatten:1.7.3:flatten (flatten) @ ssh ---
[INFO] Generating flattened POM of project org.jenkins-ci.plugins:ssh:hpi:999999-SNAPSHOT...
[INFO] 
[INFO] --- compiler:3.15.0:compile (default-compile) @ ssh ---
[INFO] Recompiling the module because of changed source code.
[INFO] Compiling 5 source files with javac [debug parameters release 17] to target/classes
[INFO] org.jvnet.hudson.plugins.SSHBuildWrapper.DESCRIPTOR indexed under hudson.Extension
[INFO] org.jvnet.hudson.plugins.SSHBuilder.DescriptorImpl indexed under hudson.Extension
[INFO] /tmp/plugin-builds/ssh/src/main/java/org/jvnet/hudson/plugins/CredentialsSSHSite.java:[67,12] Generating org/jvnet/hudson/plugins/CredentialsSSHSite.stapler
[INFO] /tmp/plugin-builds/ssh/src/main/java/org/jvnet/hudson/plugins/SSHBuildWrapper.java:[59,12] Generating org/jvnet/hudson/plugins/SSHBuildWrapper.stapler
[INFO] /tmp/plugin-builds/ssh/src/main/java/org/jvnet/hudson/plugins/SSHBuilder.java:[36,12] Generating org/jvnet/hudson/plugins/SSHBuilder.stapler
[INFO] /tmp/plugin-builds/ssh/src/main/java/org/jvnet/hudson/plugins/SSHBuildWrapper.java:[236,31] Generating org/jvnet/hudson/plugins/SSHBuildWrapper/DescriptorImpl/doCheckCredentialId.stapler
[INFO] /tmp/plugin-builds/ssh/src/main/java/org/jvnet/hudson/plugins/SSHBuildWrapper.java:[229,31] Generating org/jvnet/hudson/plugins/SSHBuildWrapper/DescriptorImpl/doCheckHostname.stapler
[INFO] /tmp/plugin-builds/ssh/src/main/java/org/jvnet/hudson/plugins/SSHBuilder.java:[145,31] Generating org/jvnet/hudson/plugins/SSHBuilder/DescriptorImpl/doCheckSiteName.stapler
[INFO] /tmp/plugin-builds/ssh/src/main/java/org/jvnet/hudson/plugins/SSHBuildWrapper.java:[271,31] Generating org/jvnet/hudson/plugins/SSHBuildWrapper/DescriptorImpl/doLoginCheck.stapler
[INFO] /tmp/plugin-builds/ssh/src/main/java/org/jvnet/hudson/plugins/CredentialsSSHSite.java: Some input files use or override a deprecated API.
[INFO] /tmp/plugin-builds/ssh/src/main/java/org/jvnet/hudson/plugins/CredentialsSSHSite.java: Recompile with -Xlint:deprecation for details.
[INFO] 
[INFO] --- access-modifier-checker:1.35:enforce (default-enforce) @ ssh ---
[INFO] 
[INFO] --- bridge-method-injector:1.32:process (default) @ ssh ---
[INFO] 
[INFO] --- hpi:3.1814.v77d15159f9b_d:insert-test (default-insert-test) @ ssh ---
[INFO] 
[INFO] --- antrun:3.2.0:run (createTempDir) @ ssh ---
[INFO] Executing tasks
[INFO]     [mkdir] Created dir: /tmp/plugin-builds/ssh/target/tmp
[INFO] Executed tasks
[INFO] 
[INFO] --- resources:3.5.0:testResources (default-testResources) @ ssh ---
[INFO] Not copying test resources
[INFO] 
[INFO] --- compiler:3.15.0:testCompile (default-testCompile) @ ssh ---
[INFO] Not compiling test sources
[INFO] 
[INFO] --- hpi:3.1814.v77d15159f9b_d:test-hpl (default-test-hpl) @ ssh ---
[INFO] Generating /tmp/plugin-builds/ssh/target/test-classes/the.hpl
[INFO] 
[INFO] --- hpi:3.1814.v77d15159f9b_d:resolve-test-dependencies (default-resolve-test-dependencies) @ ssh ---
[INFO] 
[INFO] --- hpi:3.1814.v77d15159f9b_d:test-runtime (default-test-runtime) @ ssh ---
[INFO] Tests are skipped.
[INFO] 
[INFO] --- surefire:3.5.6:test (default-test) @ ssh ---
[INFO] Tests are skipped.
[INFO] 
[INFO] --- license:210.v568d0b_a_2b_e44:process (default) @ ssh ---
[INFO] Generated /tmp/plugin-builds/ssh/target/ssh/WEB-INF/licenses.xml
[INFO] 
[INFO] --- hpi:3.1814.v77d15159f9b_d:hpi (default-hpi) @ ssh ---
[INFO] Generating /tmp/plugin-builds/ssh/target/ssh/META-INF/MANIFEST.MF
[INFO] Checking for attached .jar artifact ...
[INFO] Generating jar /tmp/plugin-builds/ssh/target/ssh.jar
[INFO] Building jar: /tmp/plugin-builds/ssh/target/ssh.jar
[INFO] Exploding webapp...
[INFO] Copy webapp webResources to /tmp/plugin-builds/ssh/target/ssh
[INFO] Assembling webapp ssh in /tmp/plugin-builds/ssh/target/ssh
[INFO] Generating hpi /tmp/plugin-builds/ssh/target/ssh.hpi
[INFO] Building jar: /tmp/plugin-builds/ssh/target/ssh.hpi
[INFO] 
[INFO] --- jar:3.5.0:test-jar (maybe-test-jar) @ ssh ---
[INFO] Skipping packaging of the test-jar
[INFO] 
[INFO] >>> spotbugs:4.10.2.0:check (spotbugs) > :spotbugs @ ssh >>>
[INFO] 
[INFO] --- spotbugs:4.10.2.0:spotbugs (spotbugs) @ ssh ---
[INFO] Fork Value is true
[INFO] Done SpotBugs Analysis....
[INFO] Skipping com.github.spotbugs:spotbugs-maven-plugin:4.10.2.0:spotbugs report goal
[INFO] 
[INFO] <<< spotbugs:4.10.2.0:check (spotbugs) < :spotbugs @ ssh <<<
[INFO] 
[INFO] 
[INFO] --- spotbugs:4.10.2.0:check (spotbugs) @ ssh ---
[INFO] BugInstance size is 0
[INFO] Error size is 0
[INFO] No errors/warnings found
[INFO] 
[INFO] --- spotless:3.8.0:check (default) @ ssh ---
[INFO] Index file does not exist. Fallback to an empty index
WARNING: A terminally deprecated method in sun.misc.Unsafe has been called
WARNING: sun.misc.Unsafe::staticFieldBase has been called by com.diffplug.spotless.java.ModuleHelper (file:/home/runner/.m2/repository/com/diffplug/spotless/spotless-lib/4.8.0/spotless-lib-4.8.0.jar)
WARNING: Please consider reporting this to the maintainers of class com.diffplug.spotless.java.ModuleHelper
WARNING: sun.misc.Unsafe::staticFieldBase will be removed in a future release
[INFO] Spotless.Java is keeping 6 files clean - 0 needs changes to be clean, 6 were already clean, 0 were skipped because caching determined they were already clean
[INFO] Sorting file /tmp/pom4513524530257023380.xml
[INFO] Pom file is already sorted, exiting
[INFO] Spotless.Pom is keeping 1 files clean - 0 needs changes to be clean, 1 were already clean, 0 were skipped because caching determined they were already clean
[INFO] 
[INFO] --- install:3.1.4:install (default-install) @ ssh ---
[INFO] Installing /tmp/plugin-builds/ssh/target/ssh-999999-SNAPSHOT.pom to /home/runner/.m2/repository/org/jenkins-ci/plugins/ssh/999999-SNAPSHOT/ssh-999999-SNAPSHOT.pom
[INFO] Installing /tmp/plugin-builds/ssh/target/ssh.hpi to /home/runner/.m2/repository/org/jenkins-ci/plugins/ssh/999999-SNAPSHOT/ssh-999999-SNAPSHOT.hpi
[INFO] Installing /tmp/plugin-builds/ssh/target/ssh.jar to /home/runner/.m2/repository/org/jenkins-ci/plugins/ssh/999999-SNAPSHOT/ssh-999999-SNAPSHOT.jar
[INFO] ------------------------------------------------------------------------
[INFO] BUILD SUCCESS
[INFO] ------------------------------------------------------------------------
[INFO] Total time:  37.989 s
[INFO] Finished at: 2026-08-25T02:14:14Z
[INFO] ------------------------------------------------------------------------
