[INFO] Scanning for projects...
[INFO] Artifact org.jenkins-ci.tools:maven-hpi-plugin:pom:3.1838.va_13472137a_6a_ is present in the local repository, but cached from a remote repository ID that is unavailable in current build context, verifying that is downloadable from [incrementals (https://repo.jenkins-ci.org/incrementals/, default, releases), central (https://repo.maven.apache.org/maven2, default, releases)]
[INFO] Artifact org.jenkins-ci.tools:maven-hpi-plugin:pom:3.1838.va_13472137a_6a_ is present in the local repository, but cached from a remote repository ID that is unavailable in current build context, verifying that is downloadable from [incrementals (https://repo.jenkins-ci.org/incrementals/, default, releases), central (https://repo.maven.apache.org/maven2, default, releases)]
[WARNING] The POM for org.jenkins-ci.tools:maven-hpi-plugin:jar:3.1838.va_13472137a_6a_ is missing, no dependency information available
[INFO] Artifact org.jenkins-ci.tools:maven-hpi-plugin:jar:3.1838.va_13472137a_6a_ is present in the local repository, but cached from a remote repository ID that is unavailable in current build context, verifying that is downloadable from [incrementals (https://repo.jenkins-ci.org/incrementals/, default, releases), central (https://repo.maven.apache.org/maven2, default, releases)]
[INFO] Artifact org.jenkins-ci.tools:maven-hpi-plugin:jar:3.1838.va_13472137a_6a_ is present in the local repository, but cached from a remote repository ID that is unavailable in current build context, verifying that is downloadable from [incrementals (https://repo.jenkins-ci.org/incrementals/, default, releases), central (https://repo.maven.apache.org/maven2, default, releases)]
[WARNING] Failed to build parent project for org.jenkins-ci.plugins.workflow:workflow-step-api:hpi:999999-SNAPSHOT
[INFO] 
[INFO] ---------< org.jenkins-ci.plugins.workflow:workflow-step-api >----------
[INFO] Building Pipeline: Step API 999999-SNAPSHOT
[INFO]   from pom.xml
[INFO] --------------------------------[ hpi ]---------------------------------
[INFO] 
[INFO] --- clean:3.5.0:clean (default-clean) @ workflow-step-api ---
[INFO] 
[INFO] --- hpi:3.1838.va_13472137a_6a_:validate (default-validate) @ workflow-step-api ---
[INFO] Created marker file /tmp/plugin-builds/workflow-step-api/target/java-level/17
[INFO] 
[INFO] --- hpi:3.1838.va_13472137a_6a_:validate-hpi (default-validate-hpi) @ workflow-step-api ---
[INFO] 
[INFO] --- enforcer:3.6.3:enforce (display-info) @ workflow-step-api ---
[INFO] Rule 0: org.apache.maven.enforcer.rules.version.RequireMavenVersion passed
[INFO] Rule 1: org.apache.maven.enforcer.rules.version.RequireJavaVersion passed
[INFO] Rule 2: org.apache.maven.enforcer.rules.version.RequireJavaVersion passed
[INFO] Rule 3: org.apache.maven.enforcer.rules.RequirePluginVersions passed
[INFO] Rule 4: org.codehaus.mojo.extraenforcer.dependencies.EnforceBytecodeVersion passed
[INFO] Rule 5: org.apache.maven.enforcer.rules.dependency.BannedDependencies passed
[INFO] Rule 6: org.apache.maven.enforcer.rules.dependency.BannedDependencies passed
[INFO] Rule 7: org.apache.maven.enforcer.rules.dependency.RequireUpperBoundDeps passed
[INFO] banObsoleteDependencyOverrides skipped
[INFO] Rule 8: io.jenkins.tools.maven.jenkins_enforcer_rules.BanObsoleteDependencyOverrides passed
[INFO] 
[INFO] --- enforcer:3.6.3:enforce (no-snapshots-in-release) @ workflow-step-api ---
[INFO] Rule 0: org.apache.maven.enforcer.rules.dependency.RequireReleaseDeps passed
[INFO] 
[INFO] --- localizer:1.31:generate (default) @ workflow-step-api ---
[INFO] 
[INFO] --- enforcer:3.6.3:enforce (check-junit-imports) @ workflow-step-api ---
[INFO] Skipping Rule Enforcement.
[INFO] 
[INFO] --- enforcer:3.6.3:enforce (check-commons-lang-imports) @ workflow-step-api ---
[INFO] Skipping Rule Enforcement.
[INFO] 
[INFO] --- enforcer:3.6.3:enforce (check-deprecated-stapler-imports) @ workflow-step-api ---
[INFO] Skipping Rule Enforcement.
[INFO] 
[INFO] --- resources:3.5.0:resources (default-resources) @ workflow-step-api ---
[INFO] Copying 1 resource from src/main/resources to target/classes
[INFO] 
[INFO] --- flatten:1.8.0:flatten (flatten) @ workflow-step-api ---
[INFO] Generating flattened POM of project org.jenkins-ci.plugins.workflow:workflow-step-api:hpi:999999-SNAPSHOT...
[INFO] 
[INFO] --- compiler:3.16.0:compile (default-compile) @ workflow-step-api ---
[INFO] Recompiling the module because of changed source code.
[INFO] Compiling 29 source files with javac [debug parameters release 17] to target/classes
[WARNING] /tmp/plugin-builds/workflow-step-api/src/main/java/org/jenkinsci/plugins/workflow/steps/BodyInvoker.java:[100,30] deprecated item is not annotated with @Deprecated
[WARNING] /tmp/plugin-builds/workflow-step-api/src/main/java/org/jenkinsci/plugins/workflow/structs/DescribableHelper.java:[82,8] deprecated item is not annotated with @Deprecated
[INFO] /tmp/plugin-builds/workflow-step-api/src/main/java/org/jenkinsci/plugins/workflow/steps/BodyInvoker.java: Some input files use or override a deprecated API.
[INFO] /tmp/plugin-builds/workflow-step-api/src/main/java/org/jenkinsci/plugins/workflow/steps/BodyInvoker.java: Recompile with -Xlint:deprecation for details.
[INFO] /tmp/plugin-builds/workflow-step-api/src/main/java/org/jenkinsci/plugins/workflow/steps/ContextParameterModule.java: Some input files use unchecked or unsafe operations.
[INFO] /tmp/plugin-builds/workflow-step-api/src/main/java/org/jenkinsci/plugins/workflow/steps/ContextParameterModule.java: Recompile with -Xlint:unchecked for details.
[INFO] 
[INFO] --- access-modifier-checker:1.35:enforce (default-enforce) @ workflow-step-api ---
[INFO] 
[INFO] --- bridge-method-injector:1.32:process (default) @ workflow-step-api ---
[INFO] 
[INFO] --- hpi:3.1838.va_13472137a_6a_:insert-test (default-insert-test) @ workflow-step-api ---
[INFO] 
[INFO] --- antrun:3.2.0:run (createTempDir) @ workflow-step-api ---
[INFO] Executing tasks
[INFO]     [mkdir] Created dir: /tmp/plugin-builds/workflow-step-api/target/tmp
[INFO] Executed tasks
[INFO] 
[INFO] --- resources:3.5.0:testResources (default-testResources) @ workflow-step-api ---
[INFO] Not copying test resources
[INFO] 
[INFO] --- compiler:3.16.0:testCompile (default-testCompile) @ workflow-step-api ---
[INFO] Not compiling test sources
[INFO] 
[INFO] --- hpi:3.1838.va_13472137a_6a_:test-hpl (default-test-hpl) @ workflow-step-api ---
[INFO] Generating /tmp/plugin-builds/workflow-step-api/target/test-classes/the.hpl
[INFO] 
[INFO] --- hpi:3.1838.va_13472137a_6a_:resolve-test-dependencies (default-resolve-test-dependencies) @ workflow-step-api ---
[INFO] 
[INFO] --- hpi:3.1838.va_13472137a_6a_:test-runtime (default-test-runtime) @ workflow-step-api ---
[INFO] Tests are skipped.
[INFO] 
[INFO] --- surefire:3.6.0:test (default-test) @ workflow-step-api ---
[INFO] Tests are skipped.
[INFO] 
[INFO] --- license:210.v568d0b_a_2b_e44:process (default) @ workflow-step-api ---
[INFO] Generated /tmp/plugin-builds/workflow-step-api/target/workflow-step-api/WEB-INF/licenses.xml
[INFO] 
[INFO] --- hpi:3.1838.va_13472137a_6a_:hpi (default-hpi) @ workflow-step-api ---
[INFO] Generating /tmp/plugin-builds/workflow-step-api/target/workflow-step-api/META-INF/MANIFEST.MF
[INFO] Checking for attached .jar artifact ...
[INFO] Generating jar /tmp/plugin-builds/workflow-step-api/target/workflow-step-api.jar
[INFO] Building jar: /tmp/plugin-builds/workflow-step-api/target/workflow-step-api.jar
[INFO] Exploding webapp...
[INFO] Copy webapp webResources to /tmp/plugin-builds/workflow-step-api/target/workflow-step-api
[INFO] Assembling webapp workflow-step-api in /tmp/plugin-builds/workflow-step-api/target/workflow-step-api
[INFO] Generating hpi /tmp/plugin-builds/workflow-step-api/target/workflow-step-api.hpi
[INFO] Building jar: /tmp/plugin-builds/workflow-step-api/target/workflow-step-api.hpi
[INFO] 
[INFO] --- jar:3.5.1:test-jar (maybe-test-jar) @ workflow-step-api ---
[INFO] Building jar: /tmp/plugin-builds/workflow-step-api/target/workflow-step-api-tests.jar
[INFO] 
[INFO] >>> spotbugs:4.10.4.1:check (spotbugs) > :spotbugs @ workflow-step-api >>>
[INFO] 
[INFO] --- spotbugs:4.10.4.1:spotbugs (spotbugs) @ workflow-step-api ---
[INFO] Done SpotBugs Analysis....
[INFO] Skipping com.github.spotbugs:spotbugs-maven-plugin:4.10.4.1:spotbugs report goal
[INFO] 
[INFO] <<< spotbugs:4.10.4.1:check (spotbugs) < :spotbugs @ workflow-step-api <<<
[INFO] 
[INFO] 
[INFO] --- spotbugs:4.10.4.1:check (spotbugs) @ workflow-step-api ---
[INFO] BugInstance size is 0
[INFO] Error size is 0
[INFO] No errors/warnings found
[INFO] 
[INFO] --- spotless:3.10.2:check (default) @ workflow-step-api ---
[INFO] Spotless check skipped
[INFO] 
[INFO] --- install:3.1.4:install (default-install) @ workflow-step-api ---
[INFO] Installing /tmp/plugin-builds/workflow-step-api/target/workflow-step-api-999999-SNAPSHOT.pom to /home/runner/.m2/repository/org/jenkins-ci/plugins/workflow/workflow-step-api/999999-SNAPSHOT/workflow-step-api-999999-SNAPSHOT.pom
[INFO] Installing /tmp/plugin-builds/workflow-step-api/target/workflow-step-api.hpi to /home/runner/.m2/repository/org/jenkins-ci/plugins/workflow/workflow-step-api/999999-SNAPSHOT/workflow-step-api-999999-SNAPSHOT.hpi
[INFO] Installing /tmp/plugin-builds/workflow-step-api/target/workflow-step-api.jar to /home/runner/.m2/repository/org/jenkins-ci/plugins/workflow/workflow-step-api/999999-SNAPSHOT/workflow-step-api-999999-SNAPSHOT.jar
[INFO] Installing /tmp/plugin-builds/workflow-step-api/target/workflow-step-api-tests.jar to /home/runner/.m2/repository/org/jenkins-ci/plugins/workflow/workflow-step-api/999999-SNAPSHOT/workflow-step-api-999999-SNAPSHOT-tests.jar
[INFO] ------------------------------------------------------------------------
[INFO] BUILD SUCCESS
[INFO] ------------------------------------------------------------------------
[INFO] Total time:  01:55 min
[INFO] Finished at: 2026-10-06T00:45:17Z
[INFO] ------------------------------------------------------------------------
